Archive member included to satisfy reference by file (symbol)

C:/ST/STM32CubeIDE_1.14.0/STM32CubeIDE/plugins/com.st.stm32cube.ide.mcu.externaltools.gnu-tools-for-stm32.12.3.rel1.win32_1.0.100.202403111256/tools/bin/../lib/gcc/arm-none-eabi/12.3.1/../../../../arm-none-eabi/lib/thumb/v7e-m+fp/hard\libc_nano.a(libc_a-exit.o)
                              C:/ST/STM32CubeIDE_1.14.0/STM32CubeIDE/plugins/com.st.stm32cube.ide.mcu.externaltools.gnu-tools-for-stm32.12.3.rel1.win32_1.0.100.202403111256/tools/bin/../lib/gcc/arm-none-eabi/12.3.1/../../../../arm-none-eabi/lib/thumb/v7e-m+fp/hard/crt0.o (exit)
C:/ST/STM32CubeIDE_1.14.0/STM32CubeIDE/plugins/com.st.stm32cube.ide.mcu.externaltools.gnu-tools-for-stm32.12.3.rel1.win32_1.0.100.202403111256/tools/bin/../lib/gcc/arm-none-eabi/12.3.1/../../../../arm-none-eabi/lib/thumb/v7e-m+fp/hard\libc_nano.a(libc_a-nano-vfprintf_float.o)
                              (_printf_float)
C:/ST/STM32CubeIDE_1.14.0/STM32CubeIDE/plugins/com.st.stm32cube.ide.mcu.externaltools.gnu-tools-for-stm32.12.3.rel1.win32_1.0.100.202403111256/tools/bin/../lib/gcc/arm-none-eabi/12.3.1/../../../../arm-none-eabi/lib/thumb/v7e-m+fp/hard\libc_nano.a(libc_a-nano-vfprintf_i.o)
                              C:/ST/STM32CubeIDE_1.14.0/STM32CubeIDE/plugins/com.st.stm32cube.ide.mcu.externaltools.gnu-tools-for-stm32.12.3.rel1.win32_1.0.100.202403111256/tools/bin/../lib/gcc/arm-none-eabi/12.3.1/../../../../arm-none-eabi/lib/thumb/v7e-m+fp/hard\libc_nano.a(libc_a-nano-vfprintf_float.o) (_printf_common)
C:/ST/STM32CubeIDE_1.14.0/STM32CubeIDE/plugins/com.st.stm32cube.ide.mcu.externaltools.gnu-tools-for-stm32.12.3.rel1.win32_1.0.100.202403111256/tools/bin/../lib/gcc/arm-none-eabi/12.3.1/../../../../arm-none-eabi/lib/thumb/v7e-m+fp/hard\libc_nano.a(libc_a-findfp.o)
                              C:/ST/STM32CubeIDE_1.14.0/STM32CubeIDE/plugins/com.st.stm32cube.ide.mcu.externaltools.gnu-tools-for-stm32.12.3.rel1.win32_1.0.100.202403111256/tools/bin/../lib/gcc/arm-none-eabi/12.3.1/../../../../arm-none-eabi/lib/thumb/v7e-m+fp/hard\libc_nano.a(libc_a-exit.o) (__stdio_exit_handler)
C:/ST/STM32CubeIDE_1.14.0/STM32CubeIDE/plugins/com.st.stm32cube.ide.mcu.externaltools.gnu-tools-for-stm32.12.3.rel1.win32_1.0.100.202403111256/tools/bin/../lib/gcc/arm-none-eabi/12.3.1/../../../../arm-none-eabi/lib/thumb/v7e-m+fp/hard\libc_nano.a(libc_a-fwalk.o)
                              C:/ST/STM32CubeIDE_1.14.0/STM32CubeIDE/plugins/com.st.stm32cube.ide.mcu.externaltools.gnu-tools-for-stm32.12.3.rel1.win32_1.0.100.202403111256/tools/bin/../lib/gcc/arm-none-eabi/12.3.1/../../../../arm-none-eabi/lib/thumb/v7e-m+fp/hard\libc_nano.a(libc_a-findfp.o) (_fwalk_sglue)
C:/ST/STM32CubeIDE_1.14.0/STM32CubeIDE/plugins/com.st.stm32cube.ide.mcu.externaltools.gnu-tools-for-stm32.12.3.rel1.win32_1.0.100.202403111256/tools/bin/../lib/gcc/arm-none-eabi/12.3.1/../../../../arm-none-eabi/lib/thumb/v7e-m+fp/hard\libc_nano.a(libc_a-printf.o)
                              ./Core/Src/BNO080.o (printf)
C:/ST/STM32CubeIDE_1.14.0/STM32CubeIDE/plugins/com.st.stm32cube.ide.mcu.externaltools.gnu-tools-for-stm32.12.3.rel1.win32_1.0.100.202403111256/tools/bin/../lib/gcc/arm-none-eabi/12.3.1/../../../../arm-none-eabi/lib/thumb/v7e-m+fp/hard\libc_nano.a(libc_a-puts.o)
                              ./Core/Src/BNO080.o (puts)
C:/ST/STM32CubeIDE_1.14.0/STM32CubeIDE/plugins/com.st.stm32cube.ide.mcu.externaltools.gnu-tools-for-stm32.12.3.rel1.win32_1.0.100.202403111256/tools/bin/../lib/gcc/arm-none-eabi/12.3.1/../../../../arm-none-eabi/lib/thumb/v7e-m+fp/hard\libc_nano.a(libc_a-stdio.o)
                              C:/ST/STM32CubeIDE_1.14.0/STM32CubeIDE/plugins/com.st.stm32cube.ide.mcu.externaltools.gnu-tools-for-stm32.12.3.rel1.win32_1.0.100.202403111256/tools/bin/../lib/gcc/arm-none-eabi/12.3.1/../../../../arm-none-eabi/lib/thumb/v7e-m+fp/hard\libc_nano.a(libc_a-findfp.o) (__sread)
C:/ST/STM32CubeIDE_1.14.0/STM32CubeIDE/plugins/com.st.stm32cube.ide.mcu.externaltools.gnu-tools-for-stm32.12.3.rel1.win32_1.0.100.202403111256/tools/bin/../lib/gcc/arm-none-eabi/12.3.1/../../../../arm-none-eabi/lib/thumb/v7e-m+fp/hard\libc_nano.a(libc_a-wbuf.o)
                              C:/ST/STM32CubeIDE_1.14.0/STM32CubeIDE/plugins/com.st.stm32cube.ide.mcu.externaltools.gnu-tools-for-stm32.12.3.rel1.win32_1.0.100.202403111256/tools/bin/../lib/gcc/arm-none-eabi/12.3.1/../../../../arm-none-eabi/lib/thumb/v7e-m+fp/hard\libc_nano.a(libc_a-puts.o) (__swbuf_r)
C:/ST/STM32CubeIDE_1.14.0/STM32CubeIDE/plugins/com.st.stm32cube.ide.mcu.externaltools.gnu-tools-for-stm32.12.3.rel1.win32_1.0.100.202403111256/tools/bin/../lib/gcc/arm-none-eabi/12.3.1/../../../../arm-none-eabi/lib/thumb/v7e-m+fp/hard\libc_nano.a(libc_a-wsetup.o)
[...]
Memory Configuration

Name             Origin             Length             Attributes
CCMRAM           0x10000000         0x00010000         xrw
RAM              0x20000000         0x00020000         xrw
FLASH            0x08000000         0x00100000         xr
*default*        0x00000000         0xffffffff

Linker script and memory map

LOAD C:/ST/STM32CubeIDE_1.14.0/STM32CubeIDE/plugins/com.st.stm32cube.ide.mcu.externaltools.gnu-tools-for-stm32.12.3.rel1.win32_1.0.100.202403111256/tools/bin/../lib/gcc/arm-none-eabi/12.3.1/thumb/v7e-m+fp/hard/crti.o
LOAD C:/ST/STM32CubeIDE_1.14.0/STM32CubeIDE/plugins/com.st.stm32cube.ide.mcu.externaltools.gnu-tools-for-stm32.12.3.rel1.win32_1.0.100.202403111256/tools/bin/../lib/gcc/arm-none-eabi/12.3.1/thumb/v7e-m+fp/hard/crtbegin.o
LOAD C:/ST/STM32CubeIDE_1.14.0/STM32CubeIDE/plugins/com.st.stm32cube.ide.mcu.externaltools.gnu-tools-for-stm32.12.3.rel1.win32_1.0.100.202403111256/tools/bin/../lib/gcc/arm-none-eabi/12.3.1/../../../../arm-none-eabi/lib/thumb/v7e-m+fp/hard/crt0.o
LOAD ./Core/Src/AT24C08.o
LOAD ./Core/Src/BNO080.o
LOAD ./Core/Src/FS-iA6B.o
LOAD ./Core/Src/ICM20602.o
LOAD ./Core/Src/LPS22HH.o
LOAD ./Core/Src/PID control.o
LOAD ./Core/Src/Quaternion.o
LOAD ./Core/Src/adc.o
LOAD ./Core/Src/dma.o
LOAD ./Core/Src/gpio.o
LOAD ./Core/Src/i2c.o
LOAD ./Core/Src/main.o
LOAD ./Core/Src/spi.o
LOAD ./Core/Src/stm32f4xx_hal_msp.o
LOAD ./Core/Src/stm32f4xx_it.o
LOAD ./Core/Src/syscalls.o
LOAD ./Core/Src/sysmem.o
LOAD ./Core/Src/system_stm32f4xx.o
LOAD ./Core/Src/tim.o
LOAD ./Core/Src/usart.o
LOAD ./Core/Startup/startup_stm32f405rgtx.o
LOAD ./Drivers/STM32F4xx_HAL_Driver/Src/stm32f4xx_hal.o
LOAD ./Drivers/STM32F4xx_HAL_Driver/Src/stm32f4xx_hal_adc.o
LOAD ./Drivers/STM32F4xx_HAL_Driver/Src/stm32f4xx_hal_adc_ex.o
LOAD ./Drivers/STM32F4xx_HAL_Driver/Src/stm32f4xx_hal_cortex.o
LOAD ./Drivers/STM32F4xx_HAL_Driver/Src/stm32f4xx_hal_dma.o
LOAD ./Drivers/STM32F4xx_HAL_Driver/Src/stm32f4xx_hal_dma_ex.o
LOAD ./Drivers/STM32F4xx_HAL_Driver/Src/stm32f4xx_hal_exti.o
LOAD ./Drivers/STM32F4xx_HAL_Driver/Src/stm32f4xx_hal_flash.o
LOAD ./Drivers/STM32F4xx_HAL_Driver/Src/stm32f4xx_hal_flash_ex.o
LOAD ./Drivers/STM32F4xx_HAL_Driver/Src/stm32f4xx_hal_flash_ramfunc.o
LOAD ./Drivers/STM32F4xx_HAL_Driver/Src/stm32f4xx_hal_gpio.o
LOAD ./Drivers/STM32F4xx_HAL_Driver/Src/stm32f4xx_hal_i2c.o
LOAD ./Drivers/STM32F4xx_HAL_Driver/Src/stm32f4xx_hal_i2c_ex.o
LOAD ./Drivers/STM32F4xx_HAL_Driver/Src/stm32f4xx_hal_pwr.o
LOAD ./Drivers/STM32F4xx_HAL_Driver/Src/stm32f4xx_hal_pwr_ex.o
LOAD ./Drivers/STM32F4xx_HAL_Driver/Src/stm32f4xx_hal_rcc.o
LOAD ./Drivers/STM32F4xx_HAL_Driver/Src/stm32f4xx_hal_rcc_ex.o
LOAD ./Drivers/STM32F4xx_HAL_Driver/Src/stm32f4xx_hal_tim.o
LOAD ./Drivers/STM32F4xx_HAL_Driver/Src/stm32f4xx_hal_tim_ex.o
LOAD ./Drivers/STM32F4xx_HAL_Driver/Src/stm32f4xx_hal_uart.o
LOAD ./Drivers/STM32F4xx_HAL_Driver/Src/stm32f4xx_ll_adc.o
LOAD ./Drivers/STM32F4xx_HAL_Driver/Src/stm32f4xx_ll_dma.o
LOAD ./Drivers/STM32F4xx_HAL_Driver/Src/stm32f4xx_ll_exti.o
LOAD ./Drivers/STM32F4xx_HAL_Driver/Src/stm32f4xx_ll_gpio.o
LOAD ./Drivers/STM32F4xx_HAL_Driver/Src/stm32f4xx_ll_rcc.o
LOAD ./Drivers/STM32F4xx_HAL_Driver/Src/stm32f4xx_ll_spi.o
LOAD ./Drivers/STM32F4xx_HAL_Driver/Src/stm32f4xx_ll_tim.o
LOAD ./Drivers/STM32F4xx_HAL_Driver/Src/stm32f4xx_ll_usart.o
LOAD ./Drivers/STM32F4xx_HAL_Driver/Src/stm32f4xx_ll_utils.o
START GROUP
LOAD C:/ST/STM32CubeIDE_1.14.0/STM32CubeIDE/plugins/com.st.stm32cube.ide.mcu.externaltools.gnu-tools-for-stm32.12.3.rel1.win32_1.0.100.202403111256/tools/bin/../lib/gcc/arm-none-eabi/12.3.1/../../../../arm-none-eabi/lib/thumb/v7e-m+fp/hard\libc_nano.a
LOAD C:/ST/STM32CubeIDE_1.14.0/STM32CubeIDE/plugins/com.st.stm32cube.ide.mcu.externaltools.gnu-tools-for-stm32.12.3.rel1.win32_1.0.100.202403111256/tools/bin/../lib/gcc/arm-none-eabi/12.3.1/../../../../arm-none-eabi/lib/thumb/v7e-m+fp/hard\libm.a
END GROUP
START GROUP
LOAD C:/ST/STM32CubeIDE_1.14.0/STM32CubeIDE/plugins/com.st.stm32cube.ide.mcu.externaltools.gnu-tools-for-stm32.12.3.rel1.win32_1.0.100.202403111256/tools/bin/../lib/gcc/arm-none-eabi/12.3.1/thumb/v7e-m+fp/hard\libgcc.a
LOAD C:/ST/STM32CubeIDE_1.14.0/STM32CubeIDE/plugins/com.st.stm32cube.ide.mcu.externaltools.gnu-tools-for-stm32.12.3.rel1.win32_1.0.100.202403111256/tools/bin/../lib/gcc/arm-none-eabi/12.3.1/../../../../arm-none-eabi/lib/thumb/v7e-m+fp/hard\libc_nano.a
END GROUP
START GROUP
LOAD C:/ST/STM32CubeIDE_1.14.0/STM32CubeIDE/plugins/com.st.stm32cube.ide.mcu.externaltools.gnu-tools-for-stm32.12.3.rel1.win32_1.0.100.202403111256/tools/bin/../lib/gcc/arm-none-eabi/12.3.1/thumb/v7e-m+fp/hard\libgcc.a
LOAD C:/ST/STM32CubeIDE_1.14.0/STM32CubeIDE/plugins/com.st.stm32cube.ide.mcu.externaltools.gnu-tools-for-stm32.12.3.rel1.win32_1.0.100.202403111256/tools/bin/../lib/gcc/arm-none-eabi/12.3.1/../../../../arm-none-eabi/lib/thumb/v7e-m+fp/hard\libc_nano.a
LOAD C:/ST/STM32CubeIDE_1.14.0/STM32CubeIDE/plugins/com.st.stm32cube.ide.mcu.externaltools.gnu-tools-for-stm32.12.3.rel1.win32_1.0.100.202403111256/tools/bin/../lib/gcc/arm-none-eabi/12.3.1/../../../../arm-none-eabi/lib/thumb/v7e-m+fp/hard\libnosys.a
END GROUP
START GROUP
LOAD C:/ST/STM32CubeIDE_1.14.0/STM32CubeIDE/plugins/com.st.stm32cube.ide.mcu.externaltools.gnu-tools-for-stm32.12.3.rel1.win32_1.0.100.202403111256/tools/bin/../lib/gcc/arm-none-eabi/12.3.1/thumb/v7e-m+fp/hard\libgcc.a
LOAD C:/ST/STM32CubeIDE_1.14.0/STM32CubeIDE/plugins/com.st.stm32cube.ide.mcu.externaltools.gnu-tools-for-stm32.12.3.rel1.win32_1.0.100.202403111256/tools/bin/../lib/gcc/arm-none-eabi/12.3.1/../../../../arm-none-eabi/lib/thumb/v7e-m+fp/hard\libc_nano.a
LOAD C:/ST/STM32CubeIDE_1.14.0/STM32CubeIDE/plugins/com.st.stm32cube.ide.mcu.externaltools.gnu-tools-for-stm32.12.3.rel1.win32_1.0.100.202403111256/tools/bin/../lib/gcc/arm-none-eabi/12.3.1/../../../../arm-none-eabi/lib/thumb/v7e-m+fp/hard\libnosys.a
END GROUP
LOAD C:/ST/STM32CubeIDE_1.14.0/STM32CubeIDE/plugins/com.st.stm32cube.ide.mcu.externaltools.gnu-tools-for-stm32.12.3.rel1.win32_1.0.100.202403111256/tools/bin/../lib/gcc/arm-none-eabi/12.3.1/thumb/v7e-m+fp/hard/crtend.o
LOAD C:/ST/STM32CubeIDE_1.14.0/STM32CubeIDE/plugins/com.st.stm32cube.ide.mcu.externaltools.gnu-tools-for-stm32.12.3.rel1.win32_1.0.100.202403111256/tools/bin/../lib/gcc/arm-none-eabi/12.3.1/thumb/v7e-m+fp/hard/crtn.o
                0x20020000                        _estack = (ORIGIN (RAM) + LENGTH (RAM))
                0x00000200                        _Min_Heap_Size = 0x200
                0x00000400                        _Min_Stack_Size = 0x400

.isr_vector     0x08000000      0x188
                0x08000000                        . = ALIGN (0x4)
 *(.isr_vector)
 .isr_vector    0x08000000      0x188 ./Core/Startup/startup_stm32f405rgtx.o
                0x08000000                g_pfnVectors
                0x08000188                        . = ALIGN (0x4)

.text           0x08000190     0xf778
                0x08000190                        . = ALIGN (0x4)
 *(.text)
 .text          0x08000190       0x40 C:/ST/STM32CubeIDE_1.14.0/STM32CubeIDE/plugins/com.st.stm32cube.ide.mcu.externaltools.gnu-tools-for-stm32.12.3.rel1.win32_1.0.100.202403111256/tools/bin/../lib/gcc/arm-none-eabi/12.3.1/thumb/v7e-m+fp/hard/crtbegin.o
 .text          0x080001d0       0xa0 C:/ST/STM32CubeIDE_1.14.0/STM32CubeIDE/plugins/com.st.stm32cube.ide.mcu.externaltools.gnu-tools-for-stm32.12.3.rel1.win32_1.0.100.202403111256/tools/bin/../lib/gcc/arm-none-eabi/12.3.1/../../../../arm-none-eabi/lib/thumb/v7e-m+fp/hard\libc_nano.a(libc_a-memchr.o)
                0x080001d0                memchr
 .text          0x08000270       0x10 C:/ST/STM32CubeIDE_1.14.0/STM32CubeIDE/plugins/com.st.stm32cube.ide.mcu.externaltools.gnu-tools-for-stm32.12.3.rel1.win32_1.0.100.202403111256/tools/bin/../lib/gcc/arm-none-eabi/12.3.1/../../../../arm-none-eabi/lib/thumb/v7e-m+fp/hard\libc_nano.a(libc_a-strlen.o)
                0x08000270                strlen
 .text          0x08000280      0x378 C:/ST/STM32CubeIDE_1.14.0/STM32CubeIDE/plugins/com.st.stm32cube.ide.mcu.externaltools.gnu-tools-for-stm32.12.3.rel1.win32_1.0.100.202403111256/tools/bin/../lib/gcc/arm-none-eabi/12.3.1/thumb/v7e-m+fp/hard\libgcc.a(_arm_addsubdf3.o)
                0x08000280                __aeabi_drsub
                0x08000288                __aeabi_dsub
                0x08000288                __subdf3
                0x0800028c                __aeabi_dadd
                0x0800028c                __adddf3
                0x08000504                __floatunsidf
                0x08000504                __aeabi_ui2d
                0x08000524                __floatsidf
                0x08000524                __aeabi_i2d
                0x08000548                __aeabi_f2d
                0x08000548                __extendsfdf2
                0x0800058c                __floatundidf
                0x0800058c                __aeabi_ul2d
                0x0800059c                __floatdidf
                0x0800059c                __aeabi_l2d
 .text          0x080005f8      0x424 C:/ST/STM32CubeIDE_1.14.0/STM32CubeIDE/plugins/com.st.stm32cube.ide.mcu.externaltools.gnu-tools-for-stm32.12.3.rel1.win32_1.0.100.202403111256/tools/bin/../lib/gcc/arm-none-eabi/12.3.1/thumb/v7e-m+fp/hard\libgcc.a(_arm_muldivdf3.o)
                0x080005f8                __aeabi_dmul
                0x080005f8                __muldf3
                0x0800084c                __divdf3
                0x0800084c                __aeabi_ddiv
 .text          0x08000a1c      0x110 C:/ST/STM32CubeIDE_1.14.0/STM32CubeIDE/plugins/com.st.stm32cube.ide.mcu.externaltools.gnu-tools-for-stm32.12.3.rel1.win32_1.0.100.202403111256/tools/bin/../lib/gcc/arm-none-eabi/12.3.1/thumb/v7e-m+fp/hard\libgcc.a(_arm_cmpdf2.o)
                0x08000a1c                __gtdf2
                0x08000a1c                __gedf2
                0x08000a24                __ltdf2
                0x08000a24                __ledf2
                0x08000a2c                __nedf2
                0x08000a2c                __eqdf2
                0x08000a2c                __cmpdf2
                0x08000aa8                __aeabi_cdrcmple
                0x08000ab8                __aeabi_cdcmpeq
                0x08000ab8                __aeabi_cdcmple
                0x08000ac8                __aeabi_dcmpeq
                0x08000adc                __aeabi_dcmplt
                0x08000af0                __aeabi_dcmple
                0x08000b04                __aeabi_dcmpge
                0x08000b18                __aeabi_dcmpgt
 .text          0x08000b2c       0x2c C:/ST/STM32CubeIDE_1.14.0/STM32CubeIDE/plugins/com.st.stm32cube.ide.mcu.externaltools.gnu-tools-for-stm32.12.3.rel1.win32_1.0.100.202403111256/tools/bin/../lib/gcc/arm-none-eabi/12.3.1/thumb/v7e-m+fp/hard\libgcc.a(_arm_unorddf2.o)
                0x08000b2c                __unorddf2
                0x08000b2c                __aeabi_dcmpun
 .text          0x08000b58       0x50 C:/ST/STM32CubeIDE_1.14.0/STM32CubeIDE/plugins/com.st.stm32cube.ide.mcu.externaltools.gnu-tools-for-stm32.12.3.rel1.win32_1.0.100.202403111256/tools/bin/../lib/gcc/arm-none-eabi/12.3.1/thumb/v7e-m+fp/hard\libgcc.a(_arm_fixdfsi.o)
                0x08000b58                __aeabi_d2iz
                0x08000b58                __fixdfsi
 .text          0x08000ba8       0x30 C:/ST/STM32CubeIDE_1.14.0/STM32CubeIDE/plugins/com.st.stm32cube.ide.mcu.externaltools.gnu-tools-for-stm32.12.3.rel1.win32_1.0.100.202403111256/tools/bin/../lib/gcc/arm-none-eabi/12.3.1/thumb/v7e-m+fp/hard\libgcc.a(_aeabi_uldivmod.o)
                0x08000ba8                __aeabi_uldivmod
 .text          0x08000bd8      0x2bc C:/ST/STM32CubeIDE_1.14.0/STM32CubeIDE/plugins/com.st.stm32cube.ide.mcu.externaltools.gnu-tools-for-stm32.12.3.rel1.win32_1.0.100.202403111256/tools/bin/../lib/gcc/arm-none-eabi/12.3.1/thumb/v7e-m+fp/hard\libgcc.a(_udivmoddi4.o)
                0x08000bd8                __udivmoddi4
 .text          0x08000e94        0x4 C:/ST/STM32CubeIDE_1.14.0/STM32CubeIDE/plugins/com.st.stm32cube.ide.mcu.externaltools.gnu-tools-for-stm32.12.3.rel1.win32_1.0.100.202403111256/tools/bin/../lib/gcc/arm-none-eabi/12.3.1/thumb/v7e-m+fp/hard\libgcc.a(_dvmd_tls.o)
                0x08000e94                __aeabi_idiv0
                0x08000e94                __aeabi_ldiv0
 *(.text*)
 .text.LL_GPIO_SetOutputPin
                0x08000e98       0x1c ./Core/Src/AT24C08.o
 .text.LL_GPIO_ResetOutputPin
                0x08000eb4       0x1e ./Core/Src/AT24C08.o
 *fill*         0x08000ed2        0x2 
 .text.AT24C08_Page_Write
                0x08000ed4       0x70 ./Core/Src/AT24C08.o
                0x08000ed4                AT24C08_Page_Write
 .text.AT24C08_Page_Read
                0x08000f44       0x50 ./Core/Src/AT24C08.o
                0x08000f44                AT24C08_Page_Read
 .text.EP_PIDGain_Write
                0x08000f94      0x12c ./Core/Src/AT24C08.o
                0x08000f94                EP_PIDGain_Write
 .text.EP_PIDGain_Read
                0x080010c0      0x138 ./Core/Src/AT24C08.o
                0x080010c0                EP_PIDGain_Read
 .text.LL_SPI_Enable
                0x080011f8       0x20 ./Core/Src/BNO080.o
 .text.LL_SPI_SetStandard
                0x08001218       0x26 ./Core/Src/BNO080.o
 .text.LL_SPI_IsActiveFlag_RXNE
                0x0800123e       0x26 ./Core/Src/BNO080.o
 .text.LL_SPI_IsActiveFlag_TXE
                0x08001264       0x26 ./Core/Src/BNO080.o
 .text.LL_SPI_ReceiveData8
                0x0800128a       0x1c ./Core/Src/BNO080.o
 .text.LL_SPI_TransmitData8
                0x080012a6       0x24 ./Core/Src/BNO080.o
 .text.LL_GPIO_IsInputPinSet
                0x080012ca       0x2a ./Core/Src/BNO080.o
 .text.LL_GPIO_SetOutputPin
                0x080012f4       0x1c ./Core/Src/BNO080.o
 .text.LL_GPIO_ResetOutputPin
                0x08001310       0x1e ./Core/Src/BNO080.o
 *fill*         0x0800132e        0x2 
 .text.LL_AHB1_GRP1_EnableClock
                0x08001330       0x30 ./Core/Src/BNO080.o
 .text.LL_APB1_GRP1_EnableClock
                0x08001360       0x30 ./Core/Src/BNO080.o
 .text.BNO080_GPIO_SPI_Initialization
                0x08001390      0x174 ./Core/Src/BNO080.o
                0x08001390                BNO080_GPIO_SPI_Initialization
 .text.BNO080_Initialization
                0x08001504       0xe8 ./Core/Src/BNO080.o
                0x08001504                BNO080_Initialization
 .text.SPI2_SendByte
                0x080015ec       0x44 ./Core/Src/BNO080.o
                0x080015ec                SPI2_SendByte
 .text.BNO080_dataAvailable
                0x08001630       0x5c ./Core/Src/BNO080.o
                0x08001630                BNO080_dataAvailable
 .text.BNO080_parseCommandReport
                0x0800168c       0x38 ./Core/Src/BNO080.o
                0x0800168c                BNO080_parseCommandReport
 .text.BNO080_parseInputReport
                0x080016c4      0x2e0 ./Core/Src/BNO080.o
                0x080016c4                BNO080_parseInputReport
 .text.BNO080_getQuatI
                0x080019a4       0x2c ./Core/Src/BNO080.o
                0x080019a4                BNO080_getQuatI
 .text.BNO080_getQuatJ
                0x080019d0       0x2c ./Core/Src/BNO080.o
                0x080019d0                BNO080_getQuatJ
 .text.BNO080_getQuatK
                0x080019fc       0x2c ./Core/Src/BNO080.o
                0x080019fc                BNO080_getQuatK
 .text.BNO080_getQuatReal
                0x08001a28       0x2c ./Core/Src/BNO080.o
                0x08001a28                BNO080_getQuatReal
 .text.BNO080_getQuatRadianAccuracy
                0x08001a54       0x2c ./Core/Src/BNO080.o
                0x08001a54                BNO080_getQuatRadianAccuracy
 .text.BNO080_getQuatAccuracy
                0x08001a80       0x18 ./Core/Src/BNO080.o
                0x08001a80                BNO080_getQuatAccuracy
 .text.BNO080_getMagX
                0x08001a98       0x2c ./Core/Src/BNO080.o
                0x08001a98                BNO080_getMagX
 .text.BNO080_getMagY
                0x08001ac4       0x2c ./Core/Src/BNO080.o
                0x08001ac4                BNO080_getMagY
 .text.BNO080_getMagZ
                0x08001af0       0x2c ./Core/Src/BNO080.o
                0x08001af0                BNO080_getMagZ
 .text.BNO080_getMagAccuracy
                0x08001b1c       0x18 ./Core/Src/BNO080.o
                0x08001b1c                BNO080_getMagAccuracy
 .text.BNO080_qToFloat
                0x08001b34       0x4e ./Core/Src/BNO080.o
                0x08001b34                BNO080_qToFloat
 .text.BNO080_enableGameRotationVector
                0x08001b82       0x1e ./Core/Src/BNO080.o
                0x08001b82                BNO080_enableGameRotationVector
 .text.BNO080_enableMagnetometer
                0x08001ba0       0x1e ./Core/Src/BNO080.o
                0x08001ba0                BNO080_enableMagnetometer
 .text.BNO080_calibrateAll
                0x08001bbe        0xe ./Core/Src/BNO080.o
                0x08001bbe                BNO080_calibrateAll
 .text.BNO080_calibrationComplete
                0x08001bcc       0x20 ./Core/Src/BNO080.o
                0x08001bcc                BNO080_calibrationComplete
 .text.BNO080_setFeatureCommand
                0x08001bec       0xa4 ./Core/Src/BNO080.o
                0x08001bec                BNO080_setFeatureCommand
 .text.BNO080_sendCommand
                0x08001c90       0x40 ./Core/Src/BNO080.o
                0x08001c90                BNO080_sendCommand
 .text.BNO080_sendCalibrateCommand
                0x08001cd0       0x90 ./Core/Src/BNO080.o
                0x08001cd0                BNO080_sendCalibrateCommand
 .text.BNO080_requestCalibrationStatus
                0x08001d60       0x38 ./Core/Src/BNO080.o
                0x08001d60                BNO080_requestCalibrationStatus
 .text.BNO080_saveCalibration
                0x08001d98       0x34 ./Core/Src/BNO080.o
                0x08001d98                BNO080_saveCalibration
 .text.BNO080_waitForSPI
                0x08001dcc       0x48 ./Core/Src/BNO080.o
                0x08001dcc                BNO080_waitForSPI
 .text.BNO080_receivePacket
                0x08001e14       0xe0 ./Core/Src/BNO080.o
                0x08001e14                BNO080_receivePacket
 .text.BNO080_sendPacket
                0x08001ef4       0xa0 ./Core/Src/BNO080.o
                0x08001ef4                BNO080_sendPacket
 .text.iBus_Check_CHKSUM
                0x08001f94       0x6a ./Core/Src/FS-iA6B.o
                0x08001f94                iBus_Check_CHKSUM
 .text.iBus_Parsing
                0x08001ffe       0xf0 ./Core/Src/FS-iA6B.o
                0x08001ffe                iBus_Parsing
 .text.iBus_isActiveFailsafe
                0x080020ee       0x22 ./Core/Src/FS-iA6B.o
                0x080020ee                iBus_isActiveFailsafe
 .text.LL_SPI_Enable
                0x08002110       0x20 ./Core/Src/ICM20602.o
 .text.LL_SPI_SetStandard
                0x08002130       0x26 ./Core/Src/ICM20602.o
 .text.LL_SPI_IsActiveFlag_RXNE
                0x08002156       0x26 ./Core/Src/ICM20602.o
 .text.LL_SPI_IsActiveFlag_TXE
                0x0800217c       0x26 ./Core/Src/ICM20602.o
 .text.LL_SPI_ReceiveData8
                0x080021a2       0x1c ./Core/Src/ICM20602.o
 .text.LL_SPI_TransmitData8
                0x080021be       0x24 ./Core/Src/ICM20602.o
 .text.LL_GPIO_IsInputPinSet
                0x080021e2       0x2a ./Core/Src/ICM20602.o
 .text.LL_GPIO_SetOutputPin
                0x0800220c       0x1c ./Core/Src/ICM20602.o
 .text.LL_GPIO_ResetOutputPin
                0x08002228       0x1e ./Core/Src/ICM20602.o
 *fill*         0x08002246        0x2 
 .text.LL_AHB1_GRP1_EnableClock
                0x08002248       0x30 ./Core/Src/ICM20602.o
 .text.LL_APB2_GRP1_EnableClock
                0x08002278       0x30 ./Core/Src/ICM20602.o
 .text.ICM20602_GPIO_SPI_Initialization
                0x080022a8       0xf8 ./Core/Src/ICM20602.o
                0x080022a8                ICM20602_GPIO_SPI_Initialization
 .text.SPI1_SendByte
                0x080023a0       0x44 ./Core/Src/ICM20602.o
                0x080023a0                SPI1_SendByte
 .text.ICM20602_Readbyte
                0x080023e4       0x40 ./Core/Src/ICM20602.o
                0x080023e4                ICM20602_Readbyte
 .text.ICM20602_Readbytes
                0x08002424       0x5c ./Core/Src/ICM20602.o
                0x08002424                ICM20602_Readbytes
 .text.ICM20602_Writebyte
                0x08002480       0x44 ./Core/Src/ICM20602.o
                0x08002480                ICM20602_Writebyte
 .text.ICM20602_Initialization
                0x080024c4       0xfc ./Core/Src/ICM20602.o
                0x080024c4                ICM20602_Initialization
 .text.ICM20602_Get3AxisGyroRawData
                0x080025c0       0x58 ./Core/Src/ICM20602.o
                0x080025c0                ICM20602_Get3AxisGyroRawData
 .text.ICM20602_DataReady
                0x08002618       0x18 ./Core/Src/ICM20602.o
                0x08002618                ICM20602_DataReady
 .text.LL_SPI_Enable
                0x08002630       0x20 ./Core/Src/LPS22HH.o
 .text.LL_SPI_SetStandard
                0x08002650       0x26 ./Core/Src/LPS22HH.o
 .text.LL_SPI_IsActiveFlag_RXNE
                0x08002676       0x26 ./Core/Src/LPS22HH.o
 .text.LL_SPI_IsActiveFlag_TXE
                0x0800269c       0x26 ./Core/Src/LPS22HH.o
 .text.LL_SPI_ReceiveData8
                0x080026c2       0x1c ./Core/Src/LPS22HH.o
 .text.LL_SPI_TransmitData8
                0x080026de       0x24 ./Core/Src/LPS22HH.o
 .text.LL_GPIO_IsInputPinSet
                0x08002702       0x2a ./Core/Src/LPS22HH.o
 .text.LL_GPIO_SetOutputPin
                0x0800272c       0x1c ./Core/Src/LPS22HH.o
 .text.LL_GPIO_ResetOutputPin
                0x08002748       0x1e ./Core/Src/LPS22HH.o
 *fill*         0x08002766        0x2 
 .text.LL_AHB1_GRP1_EnableClock
                0x08002768       0x30 ./Core/Src/LPS22HH.o
 .text.LL_APB1_GRP1_EnableClock
                0x08002798       0x30 ./Core/Src/LPS22HH.o
 .text.LPS22HH_GPIO_SPI_Initialization
                0x080027c8       0xf0 ./Core/Src/LPS22HH.o
                0x080027c8                LPS22HH_GPIO_SPI_Initialization
 .text.SPI3_SendByte
                0x080028b8       0x44 ./Core/Src/LPS22HH.o
                0x080028b8                SPI3_SendByte
 .text.LPS22HH_Readbyte
                0x080028fc       0x40 ./Core/Src/LPS22HH.o
                0x080028fc                LPS22HH_Readbyte
 .text.LPS22HH_Readbytes
                0x0800293c       0x5c ./Core/Src/LPS22HH.o
                0x0800293c                LPS22HH_Readbytes
 .text.LPS22HH_Writebyte
                0x08002998       0x44 ./Core/Src/LPS22HH.o
                0x08002998                LPS22HH_Writebyte
 .text.LPS22HH_Initialization
                0x080029dc      0x120 ./Core/Src/LPS22HH.o
                0x080029dc                LPS22HH_Initialization
 .text.LPS22HH_DataReady
                0x08002afc       0x18 ./Core/Src/LPS22HH.o
                0x08002afc                LPS22HH_DataReady
 .text.LPS22HH_GetPressure
                0x08002b14       0x1a ./Core/Src/LPS22HH.o
                0x08002b14                LPS22HH_GetPressure
 .text.LPS22HH_GetTemperature
                0x08002b2e       0x1a ./Core/Src/LPS22HH.o
                0x08002b2e                LPS22HH_GetTemperature
 .text.getAltitude2
                0x08002b48       0x68 ./Core/Src/LPS22HH.o
                0x08002b48                getAltitude2
 .text.Double_Roll_Pitch_PID_Calculation
                0x08002bb0      0x274 ./Core/Src/PID control.o
                0x08002bb0                Double_Roll_Pitch_PID_Calculation
 .text.Single_Yaw_Heading_PID_Calculation
                0x08002e24      0x134 ./Core/Src/PID control.o
                0x08002e24                Single_Yaw_Heading_PID_Calculation
 .text.Single_Yaw_Rate_PID_Calculation
                0x08002f58       0xec ./Core/Src/PID control.o
                0x08002f58                Single_Yaw_Rate_PID_Calculation
 .text.Reset_PID_Integrator
                0x08003044       0x1c ./Core/Src/PID control.o
                0x08003044                Reset_PID_Integrator
 .text.Reset_All_PID_Integrator
                0x08003060       0x44 ./Core/Src/PID control.o
                0x08003060                Reset_All_PID_Integrator
 .text.Quaternion_Update
                0x080030a4      0x284 ./Core/Src/Quaternion.o
                0x080030a4                Quaternion_Update
 .text.invSqrt  0x08003328       0x78 ./Core/Src/Quaternion.o
                0x08003328                invSqrt
 .text.MX_ADC1_Init
                0x080033a0       0xa4 ./Core/Src/adc.o
                0x080033a0                MX_ADC1_Init
 .text.HAL_ADC_MspInit
                0x08003444       0xec ./Core/Src/adc.o
                0x08003444                HAL_ADC_MspInit
 .text.MX_DMA_Init
                0x08003530       0x40 ./Core/Src/dma.o
                0x08003530                MX_DMA_Init
 .text.LL_GPIO_SetOutputPin
                0x08003570       0x1c ./Core/Src/gpio.o
 .text.LL_GPIO_ResetOutputPin
                0x0800358c       0x1e ./Core/Src/gpio.o
 *fill*         0x080035aa        0x2 
 .text.LL_AHB1_GRP1_EnableClock
                0x080035ac       0x30 ./Core/Src/gpio.o
 .text.MX_GPIO_Init
                0x080035dc      0x100 ./Core/Src/gpio.o
                0x080035dc                MX_GPIO_Init
 .text.MX_I2C1_Init
                0x080036dc       0x5c ./Core/Src/i2c.o
                0x080036dc                MX_I2C1_Init
 .text.HAL_I2C_MspInit
                0x08003738       0x90 ./Core/Src/i2c.o
                0x08003738                HAL_I2C_MspInit
 .text.LL_TIM_EnableCounter
                0x080037c8       0x20 ./Core/Src/main.o
 .text.LL_TIM_CC_EnableChannel
                0x080037e8       0x22 ./Core/Src/main.o
 .text.LL_TIM_CC_DisableChannel
                0x0800380a       0x24 ./Core/Src/main.o
 .text.LL_TIM_EnableIT_UPDATE
                0x0800382e       0x20 ./Core/Src/main.o
 .text.LL_USART_IsActiveFlag_TXE
                0x0800384e       0x26 ./Core/Src/main.o
 .text.LL_USART_EnableIT_RXNE
                0x08003874       0x46 ./Core/Src/main.o
 .text.LL_USART_TransmitData8
                0x080038ba       0x1e ./Core/Src/main.o
 .text.LL_GPIO_SetOutputPin
                0x080038d8       0x1c ./Core/Src/main.o
 .text.LL_GPIO_ResetOutputPin
                0x080038f4       0x1e ./Core/Src/main.o
 .text.LL_GPIO_TogglePin
                0x08003912       0x32 ./Core/Src/main.o
 .text._write   0x08003944       0x4c ./Core/Src/main.o
                0x08003944                _write
 .text.main     0x08003990     0x1730 ./Core/Src/main.o
                0x08003990                main
 .text.SystemClock_Config
                0x080050c0       0xd4 ./Core/Src/main.o
                0x080050c0                SystemClock_Config
 .text.Is_iBus_Throttle_Min
                0x08005194       0x4c ./Core/Src/main.o
                0x08005194                Is_iBus_Throttle_Min
 .text.ESC_Calibration
                0x080051e0       0x5c ./Core/Src/main.o
                0x080051e0                ESC_Calibration
 .text.Is_iBus_Received
                0x0800523c       0x40 ./Core/Src/main.o
                0x0800523c                Is_iBus_Received
 .text.BNO080_Calibration
                0x0800527c      0x2dc ./Core/Src/main.o
                0x0800527c                BNO080_Calibration
 .text.HAL_UART_RxCpltCallback
                0x08005558       0xdc ./Core/Src/main.o
                0x08005558                HAL_UART_RxCpltCallback
 .text.Encode_Msg_AHRS
                0x08005634      0x2f8 ./Core/Src/main.o
                0x08005634                Encode_Msg_AHRS
 .text.Encode_Msg_GPS
                0x0800592c      0x150 ./Core/Src/main.o
                0x0800592c                Encode_Msg_GPS
 .text.Encode_Msg_PID_Gain
                0x08005a7c       0xa6 ./Core/Src/main.o
                0x08005a7c                Encode_Msg_PID_Gain
 .text.Error_Handler
                0x08005b22        0xc ./Core/Src/main.o
                0x08005b22                Error_Handler
 .text.LL_SPI_SetStandard
                0x08005b2e       0x26 ./Core/Src/spi.o
 .text.LL_AHB1_GRP1_EnableClock
                0x08005b54       0x30 ./Core/Src/spi.o
 .text.LL_APB1_GRP1_EnableClock
                0x08005b84       0x30 ./Core/Src/spi.o
 .text.LL_APB2_GRP1_EnableClock
                0x08005bb4       0x30 ./Core/Src/spi.o
 .text.MX_SPI1_Init
                0x08005be4       0xa4 ./Core/Src/spi.o
                0x08005be4                MX_SPI1_Init
 .text.MX_SPI2_Init
                0x08005c88       0xa8 ./Core/Src/spi.o
                0x08005c88                MX_SPI2_Init
 .text.MX_SPI3_Init
                0x08005d30       0xa4 ./Core/Src/spi.o
                0x08005d30                MX_SPI3_Init
 .text.HAL_MspInit
                0x08005dd4       0x50 ./Core/Src/stm32f4xx_hal_msp.o
                0x08005dd4                HAL_MspInit
 .text.LL_TIM_ClearFlag_UPDATE
                0x08005e24       0x1c ./Core/Src/stm32f4xx_it.o
 .text.LL_TIM_IsActiveFlag_UPDATE
                0x08005e40       0x26 ./Core/Src/stm32f4xx_it.o
 .text.LL_USART_IsActiveFlag_RXNE
                0x08005e66       0x26 ./Core/Src/stm32f4xx_it.o
 .text.LL_USART_ClearFlag_RXNE
                0x08005e8c       0x1c ./Core/Src/stm32f4xx_it.o
 .text.LL_USART_ReceiveData8
                0x08005ea8       0x1a ./Core/Src/stm32f4xx_it.o
 .text.LL_USART_TransmitData8
                0x08005ec2       0x1e ./Core/Src/stm32f4xx_it.o
 .text.NMI_Handler
                0x08005ee0        0x8 ./Core/Src/stm32f4xx_it.o
                0x08005ee0                NMI_Handler
 .text.HardFault_Handler
                0x08005ee8        0x8 ./Core/Src/stm32f4xx_it.o
                0x08005ee8                HardFault_Handler
 .text.MemManage_Handler
                0x08005ef0        0x8 ./Core/Src/stm32f4xx_it.o
                0x08005ef0                MemManage_Handler
 .text.BusFault_Handler
                0x08005ef8        0x8 ./Core/Src/stm32f4xx_it.o
                0x08005ef8                BusFault_Handler
 .text.UsageFault_Handler
                0x08005f00        0x8 ./Core/Src/stm32f4xx_it.o
                0x08005f00                UsageFault_Handler
 .text.SVC_Handler
                0x08005f08        0xe ./Core/Src/stm32f4xx_it.o
                0x08005f08                SVC_Handler
 .text.DebugMon_Handler
                0x08005f16        0xe ./Core/Src/stm32f4xx_it.o
                0x08005f16                DebugMon_Handler
 .text.PendSV_Handler
                0x08005f24        0xe ./Core/Src/stm32f4xx_it.o
                0x08005f24                PendSV_Handler
 .text.SysTick_Handler
                0x08005f32        0xc ./Core/Src/stm32f4xx_it.o
                0x08005f32                SysTick_Handler
 *fill*         0x08005f3e        0x2 
 .text.USART1_IRQHandler
                0x08005f40       0x14 ./Core/Src/stm32f4xx_it.o
                0x08005f40                USART1_IRQHandler
 .text.UART4_IRQHandler
                0x08005f54       0x4c ./Core/Src/stm32f4xx_it.o
                0x08005f54                UART4_IRQHandler
 .text.UART5_IRQHandler
                0x08005fa0       0xe8 ./Core/Src/stm32f4xx_it.o
                0x08005fa0                UART5_IRQHandler
 .text.TIM7_IRQHandler
                0x08006088       0xc0 ./Core/Src/stm32f4xx_it.o
                0x08006088                TIM7_IRQHandler
 .text.DMA2_Stream0_IRQHandler
                0x08006148       0x14 ./Core/Src/stm32f4xx_it.o
                0x08006148                DMA2_Stream0_IRQHandler
 .text.USART6_IRQHandler
                0x0800615c       0x3c ./Core/Src/stm32f4xx_it.o
                0x0800615c                USART6_IRQHandler
 .text._getpid  0x08006198       0x10 ./Core/Src/syscalls.o
                0x08006198                _getpid
 .text._kill    0x080061a8       0x20 ./Core/Src/syscalls.o
                0x080061a8                _kill
 .text._exit    0x080061c8       0x16 ./Core/Src/syscalls.o
                0x080061c8                _exit
 .text._read    0x080061de       0x3a ./Core/Src/syscalls.o
                0x080061de                _read
 .text._close   0x08006218       0x18 ./Core/Src/syscalls.o
                0x08006218                _close
 .text._fstat   0x08006230       0x20 ./Core/Src/syscalls.o
                0x08006230                _fstat
 .text._isatty  0x08006250       0x16 ./Core/Src/syscalls.o
                0x08006250                _isatty
 .text._lseek   0x08006266       0x1a ./Core/Src/syscalls.o
                0x08006266                _lseek
 .text._sbrk    0x08006280       0x6c ./Core/Src/sysmem.o
                0x08006280                _sbrk
 .text.SystemInit
                0x080062ec       0x24 ./Core/Src/system_stm32f4xx.o
                0x080062ec                SystemInit
 .text.__NVIC_GetPriorityGrouping
                0x08006310       0x1c ./Core/Src/tim.o
 .text.__NVIC_EnableIRQ
                0x0800632c       0x3c ./Core/Src/tim.o
 .text.__NVIC_SetPriority
                0x08006368       0x54 ./Core/Src/tim.o
 .text.NVIC_EncodePriority
                0x080063bc       0x66 ./Core/Src/tim.o
 .text.LL_TIM_EnableARRPreload
                0x08006422       0x20 ./Core/Src/tim.o
 *fill*         0x08006442        0x2 
 .text.LL_TIM_OC_EnableFast
                0x08006444       0x88 ./Core/Src/tim.o
 .text.LL_TIM_OC_EnablePreload
                0x080064cc       0x88 ./Core/Src/tim.o
 .text.LL_TIM_SetClockSource
                0x08006554       0x2a ./Core/Src/tim.o
 .text.LL_TIM_SetTriggerOutput
                0x0800657e       0x26 ./Core/Src/tim.o
 .text.LL_TIM_DisableMasterSlaveMode
                0x080065a4       0x20 ./Core/Src/tim.o
 .text.LL_AHB1_GRP1_EnableClock
                0x080065c4       0x30 ./Core/Src/tim.o
 .text.LL_APB1_GRP1_EnableClock
                0x080065f4       0x30 ./Core/Src/tim.o
 .text.MX_TIM3_Init
                0x08006624       0xe4 ./Core/Src/tim.o
                0x08006624                MX_TIM3_Init
 .text.MX_TIM5_Init
                0x08006708      0x150 ./Core/Src/tim.o
                0x08006708                MX_TIM5_Init
 .text.MX_TIM7_Init
                0x08006858       0x74 ./Core/Src/tim.o
                0x08006858                MX_TIM7_Init
 .text.__NVIC_GetPriorityGrouping
                0x080068cc       0x1c ./Core/Src/usart.o
 .text.__NVIC_EnableIRQ
                0x080068e8       0x3c ./Core/Src/usart.o
 .text.__NVIC_SetPriority
                0x08006924       0x54 ./Core/Src/usart.o
 .text.NVIC_EncodePriority
                0x08006978       0x66 ./Core/Src/usart.o
 .text.LL_USART_Enable
                0x080069de       0x20 ./Core/Src/usart.o
 .text.LL_USART_ConfigAsyncMode
                0x080069fe       0x2c ./Core/Src/usart.o
 *fill*         0x08006a2a        0x2 
 .text.LL_AHB1_GRP1_EnableClock
                0x08006a2c       0x30 ./Core/Src/usart.o
 .text.LL_APB1_GRP1_EnableClock
                0x08006a5c       0x30 ./Core/Src/usart.o
 .text.LL_APB2_GRP1_EnableClock
                0x08006a8c       0x30 ./Core/Src/usart.o
 .text.MX_UART4_Init
                0x08006abc       0xc4 ./Core/Src/usart.o
                0x08006abc                MX_UART4_Init
 .text.MX_UART5_Init
                0x08006b80       0xf0 ./Core/Src/usart.o
                0x08006b80                MX_UART5_Init
 .text.MX_USART1_UART_Init
                0x08006c70       0x54 ./Core/Src/usart.o
                0x08006c70                MX_USART1_UART_Init
 .text.MX_USART6_UART_Init
                0x08006cc4       0xc0 ./Core/Src/usart.o
                0x08006cc4                MX_USART6_UART_Init
 .text.HAL_UART_MspInit
                0x08006d84       0xa0 ./Core/Src/usart.o
                0x08006d84                HAL_UART_MspInit
 .text.Reset_Handler
                0x08006e24       0x50 ./Core/Startup/startup_stm32f405rgtx.o
                0x08006e24                Reset_Handler
 .text.Default_Handler
                0x08006e74        0x2 ./Core/Startup/startup_stm32f405rgtx.o
                0x08006e74                RTC_Alarm_IRQHandler
                0x08006e74                HASH_RNG_IRQHandler
                0x08006e74                EXTI2_IRQHandler
                0x08006e74                TIM8_CC_IRQHandler
                0x08006e74                TIM1_CC_IRQHandler
                0x08006e74                DMA2_Stream5_IRQHandler
                0x08006e74                DMA1_Stream5_IRQHandler
                0x08006e74                PVD_IRQHandler
                0x08006e74                SDIO_IRQHandler
                0x08006e74                TAMP_STAMP_IRQHandler
                0x08006e74                CAN2_RX1_IRQHandler
                0x08006e74                EXTI3_IRQHandler
                0x08006e74                TIM8_TRG_COM_TIM14_IRQHandler
                0x08006e74                TIM1_UP_TIM10_IRQHandler
                0x08006e74                TIM8_UP_TIM13_IRQHandler
                0x08006e74                I2C3_ER_IRQHandler
                0x08006e74                EXTI0_IRQHandler
                0x08006e74                I2C2_EV_IRQHandler
                0x08006e74                DMA1_Stream2_IRQHandler
                0x08006e74                CAN1_RX0_IRQHandler
                0x08006e74                FPU_IRQHandler
                0x08006e74                OTG_HS_WKUP_IRQHandler
                0x08006e74                CAN2_SCE_IRQHandler
                0x08006e74                DMA2_Stream2_IRQHandler
                0x08006e74                SPI1_IRQHandler
                0x08006e74                TIM6_DAC_IRQHandler
                0x08006e74                TIM1_BRK_TIM9_IRQHandler
                0x08006e74                CAN2_RX0_IRQHandler
                0x08006e74                DMA2_Stream3_IRQHandler
                0x08006e74                USART3_IRQHandler
                0x08006e74                CAN1_RX1_IRQHandler
                0x08006e74                TIM4_IRQHandler
                0x08006e74                I2C1_EV_IRQHandler
                0x08006e74                DMA1_Stream6_IRQHandler
                0x08006e74                DMA1_Stream1_IRQHandler
                0x08006e74                TIM3_IRQHandler
                0x08006e74                RCC_IRQHandler
                0x08006e74                TIM8_BRK_TIM12_IRQHandler
                0x08006e74                Default_Handler
                0x08006e74                EXTI15_10_IRQHandler
                0x08006e74                ADC_IRQHandler
                0x08006e74                DMA1_Stream7_IRQHandler
                0x08006e74                CAN2_TX_IRQHandler
                0x08006e74                TIM5_IRQHandler
                0x08006e74                DMA2_Stream7_IRQHandler
                0x08006e74                I2C3_EV_IRQHandler
                0x08006e74                EXTI9_5_IRQHandler
                0x08006e74                RTC_WKUP_IRQHandler
                0x08006e74                SPI2_IRQHandler
                0x08006e74                OTG_HS_EP1_IN_IRQHandler
                0x08006e74                DMA1_Stream0_IRQHandler
                0x08006e74                CAN1_TX_IRQHandler
                0x08006e74                EXTI4_IRQHandler
                0x08006e74                FSMC_IRQHandler
                0x08006e74                OTG_HS_EP1_OUT_IRQHandler
                0x08006e74                WWDG_IRQHandler
                0x08006e74                TIM2_IRQHandler
                0x08006e74                OTG_FS_WKUP_IRQHandler
                0x08006e74                TIM1_TRG_COM_TIM11_IRQHandler
                0x08006e74                OTG_HS_IRQHandler
                0x08006e74                EXTI1_IRQHandler
                0x08006e74                USART2_IRQHandler
                0x08006e74                I2C2_ER_IRQHandler
                0x08006e74                DMA2_Stream1_IRQHandler
                0x08006e74                CAN1_SCE_IRQHandler
                0x08006e74                FLASH_IRQHandler
                0x08006e74                DMA2_Stream4_IRQHandler
                0x08006e74                OTG_FS_IRQHandler
                0x08006e74                SPI3_IRQHandler
                0x08006e74                DMA1_Stream4_IRQHandler
                0x08006e74                I2C1_ER_IRQHandler
                0x08006e74                DMA2_Stream6_IRQHandler
                0x08006e74                DMA1_Stream3_IRQHandler
 *fill*         0x08006e76        0x2 
 .text.HAL_Init
                0x08006e78       0x44 ./Drivers/STM32F4xx_HAL_Driver/Src/stm32f4xx_hal.o
                0x08006e78                HAL_Init
 .text.HAL_InitTick
                0x08006ebc       0x60 ./Drivers/STM32F4xx_HAL_Driver/Src/stm32f4xx_hal.o
                0x08006ebc                HAL_InitTick
 .text.HAL_IncTick
                0x08006f1c       0x28 ./Drivers/STM32F4xx_HAL_Driver/Src/stm32f4xx_hal.o
                0x08006f1c                HAL_IncTick
 .text.HAL_GetTick
                0x08006f44       0x18 ./Drivers/STM32F4xx_HAL_Driver/Src/stm32f4xx_hal.o
                0x08006f44                HAL_GetTick
 .text.HAL_Delay
                0x08006f5c       0x48 ./Drivers/STM32F4xx_HAL_Driver/Src/stm32f4xx_hal.o
                0x08006f5c                HAL_Delay
 .text.HAL_ADC_Init
                0x08006fa4       0x86 ./Drivers/STM32F4xx_HAL_Driver/Src/stm32f4xx_hal_adc.o
                0x08006fa4                HAL_ADC_Init
 *fill*         0x0800702a        0x2 
 .text.HAL_ADC_Start_DMA
                0x0800702c      0x220 ./Drivers/STM32F4xx_HAL_Driver/Src/stm32f4xx_hal_adc.o
                0x0800702c                HAL_ADC_Start_DMA
 .text.HAL_ADC_ConvCpltCallback
                0x0800724c       0x14 ./Drivers/STM32F4xx_HAL_Driver/Src/stm32f4xx_hal_adc.o
                0x0800724c                HAL_ADC_ConvCpltCallback
 .text.HAL_ADC_ConvHalfCpltCallback
                0x08007260       0x14 ./Drivers/STM32F4xx_HAL_Driver/Src/stm32f4xx_hal_adc.o
                0x08007260                HAL_ADC_ConvHalfCpltCallback
 .text.HAL_ADC_ErrorCallback
                0x08007274       0x14 ./Drivers/STM32F4xx_HAL_Driver/Src/stm32f4xx_hal_adc.o
                0x08007274                HAL_ADC_ErrorCallback
 .text.HAL_ADC_ConfigChannel
                0x08007288      0x244 ./Drivers/STM32F4xx_HAL_Driver/Src/stm32f4xx_hal_adc.o
                0x08007288                HAL_ADC_ConfigChannel
 .text.ADC_Init
                0x080074cc      0x1f8 ./Drivers/STM32F4xx_HAL_Driver/Src/stm32f4xx_hal_adc.o
 .text.ADC_DMAConvCplt
                0x080076c4       0xba ./Drivers/STM32F4xx_HAL_Driver/Src/stm32f4xx_hal_adc.o
 .text.ADC_DMAHalfConvCplt
                0x0800777e       0x1c ./Drivers/STM32F4xx_HAL_Driver/Src/stm32f4xx_hal_adc.o
 .text.ADC_DMAError
                0x0800779a       0x2e ./Drivers/STM32F4xx_HAL_Driver/Src/stm32f4xx_hal_adc.o
 .text.__NVIC_SetPriorityGrouping
                0x080077c8       0x48 ./Drivers/STM32F4xx_HAL_Driver/Src/stm32f4xx_hal_cortex.o
 .text.__NVIC_GetPriorityGrouping
                0x08007810       0x1c ./Drivers/STM32F4xx_HAL_Driver/Src/stm32f4xx_hal_cortex.o
 .text.__NVIC_EnableIRQ
                0x0800782c       0x3c ./Drivers/STM32F4xx_HAL_Driver/Src/stm32f4xx_hal_cortex.o
 .text.__NVIC_SetPriority
                0x08007868       0x54 ./Drivers/STM32F4xx_HAL_Driver/Src/stm32f4xx_hal_cortex.o
 .text.NVIC_EncodePriority
                0x080078bc       0x66 ./Drivers/STM32F4xx_HAL_Driver/Src/stm32f4xx_hal_cortex.o
 *fill*         0x08007922        0x2 
 .text.SysTick_Config
                0x08007924       0x44 ./Drivers/STM32F4xx_HAL_Driver/Src/stm32f4xx_hal_cortex.o
 .text.HAL_NVIC_SetPriorityGrouping
                0x08007968       0x16 ./Drivers/STM32F4xx_HAL_Driver/Src/stm32f4xx_hal_cortex.o
                0x08007968                HAL_NVIC_SetPriorityGrouping
 .text.HAL_NVIC_SetPriority
                0x0800797e       0x38 ./Drivers/STM32F4xx_HAL_Driver/Src/stm32f4xx_hal_cortex.o
                0x0800797e                HAL_NVIC_SetPriority
 .text.HAL_NVIC_EnableIRQ
                0x080079b6       0x1c ./Drivers/STM32F4xx_HAL_Driver/Src/stm32f4xx_hal_cortex.o
                0x080079b6                HAL_NVIC_EnableIRQ
 .text.HAL_SYSTICK_Config
                0x080079d2       0x18 ./Drivers/STM32F4xx_HAL_Driver/Src/stm32f4xx_hal_cortex.o
                0x080079d2                HAL_SYSTICK_Config
 *fill*         0x080079ea        0x2 
 .text.HAL_DMA_Init
                0x080079ec      0x15c ./Drivers/STM32F4xx_HAL_Driver/Src/stm32f4xx_hal_dma.o
                0x080079ec                HAL_DMA_Init
 .text.HAL_DMA_Start_IT
                0x08007b48       0xb0 ./Drivers/STM32F4xx_HAL_Driver/Src/stm32f4xx_hal_dma.o
                0x08007b48                HAL_DMA_Start_IT
 .text.HAL_DMA_Abort
                0x08007bf8       0xe0 ./Drivers/STM32F4xx_HAL_Driver/Src/stm32f4xx_hal_dma.o
                0x08007bf8                HAL_DMA_Abort
 .text.HAL_DMA_Abort_IT
                0x08007cd8       0x44 ./Drivers/STM32F4xx_HAL_Driver/Src/stm32f4xx_hal_dma.o
                0x08007cd8                HAL_DMA_Abort_IT
 .text.HAL_DMA_IRQHandler
                0x08007d1c      0x314 ./Drivers/STM32F4xx_HAL_Driver/Src/stm32f4xx_hal_dma.o
                0x08007d1c                HAL_DMA_IRQHandler
 .text.DMA_SetConfig
                0x08008030       0x5c ./Drivers/STM32F4xx_HAL_Driver/Src/stm32f4xx_hal_dma.o
 .text.DMA_CalcBaseAndBitshift
                0x0800808c       0x6c ./Drivers/STM32F4xx_HAL_Driver/Src/stm32f4xx_hal_dma.o
 .text.DMA_CheckFifoParam
                0x080080f8       0xf8 ./Drivers/STM32F4xx_HAL_Driver/Src/stm32f4xx_hal_dma.o
 .text.HAL_GPIO_Init
                0x080081f0      0x338 ./Drivers/STM32F4xx_HAL_Driver/Src/stm32f4xx_hal_gpio.o
                0x080081f0                HAL_GPIO_Init
 .text.HAL_I2C_Init
                0x08008528      0x288 ./Drivers/STM32F4xx_HAL_Driver/Src/stm32f4xx_hal_i2c.o
                0x08008528                HAL_I2C_Init
 .text.HAL_I2C_Mem_Write
                0x080087b0      0x1f4 ./Drivers/STM32F4xx_HAL_Driver/Src/stm32f4xx_hal_i2c.o
                0x080087b0                HAL_I2C_Mem_Write
 .text.HAL_I2C_Mem_Read
                0x080089a4      0x464 ./Drivers/STM32F4xx_HAL_Driver/Src/stm32f4xx_hal_i2c.o
                0x080089a4                HAL_I2C_Mem_Read
 .text.I2C_RequestMemoryWrite
                0x08008e08      0x12c ./Drivers/STM32F4xx_HAL_Driver/Src/stm32f4xx_hal_i2c.o
 .text.I2C_RequestMemoryRead
                0x08008f34      0x1d0 ./Drivers/STM32F4xx_HAL_Driver/Src/stm32f4xx_hal_i2c.o
 .text.I2C_WaitOnFlagUntilTimeout
                0x08009104       0xf4 ./Drivers/STM32F4xx_HAL_Driver/Src/stm32f4xx_hal_i2c.o
 .text.I2C_WaitOnMasterAddressFlagUntilTimeout
                0x080091f8      0x140 ./Drivers/STM32F4xx_HAL_Driver/Src/stm32f4xx_hal_i2c.o
 .text.I2C_WaitOnTXEFlagUntilTimeout
                0x08009338       0x90 ./Drivers/STM32F4xx_HAL_Driver/Src/stm32f4xx_hal_i2c.o
 .text.I2C_WaitOnBTFFlagUntilTimeout
                0x080093c8       0x90 ./Drivers/STM32F4xx_HAL_Driver/Src/stm32f4xx_hal_i2c.o
 .text.I2C_WaitOnRXNEFlagUntilTimeout
                0x08009458       0xba ./Drivers/STM32F4xx_HAL_Driver/Src/stm32f4xx_hal_i2c.o
 .text.I2C_IsAcknowledgeFailed
                0x08009512       0x5e ./Drivers/STM32F4xx_HAL_Driver/Src/stm32f4xx_hal_i2c.o
 .text.HAL_RCC_OscConfig
                0x08009570      0x4f0 ./Drivers/STM32F4xx_HAL_Driver/Src/stm32f4xx_hal_rcc.o
                0x08009570                HAL_RCC_OscConfig
 .text.HAL_RCC_ClockConfig
                0x08009a60      0x1cc ./Drivers/STM32F4xx_HAL_Driver/Src/stm32f4xx_hal_rcc.o
                0x08009a60                HAL_RCC_ClockConfig
 .text.HAL_RCC_GetSysClockFreq
                0x08009c2c      0x20c ./Drivers/STM32F4xx_HAL_Driver/Src/stm32f4xx_hal_rcc.o
                0x08009c2c                HAL_RCC_GetSysClockFreq
 .text.HAL_RCC_GetHCLKFreq
                0x08009e38       0x18 ./Drivers/STM32F4xx_HAL_Driver/Src/stm32f4xx_hal_rcc.o
                0x08009e38                HAL_RCC_GetHCLKFreq
 .text.HAL_RCC_GetPCLK1Freq
                0x08009e50       0x28 ./Drivers/STM32F4xx_HAL_Driver/Src/stm32f4xx_hal_rcc.o
                0x08009e50                HAL_RCC_GetPCLK1Freq
 .text.HAL_RCC_GetPCLK2Freq
                0x08009e78       0x28 ./Drivers/STM32F4xx_HAL_Driver/Src/stm32f4xx_hal_rcc.o
                0x08009e78                HAL_RCC_GetPCLK2Freq
 .text.HAL_UART_Init
                0x08009ea0       0xa0 ./Drivers/STM32F4xx_HAL_Driver/Src/stm32f4xx_hal_uart.o
                0x08009ea0                HAL_UART_Init
 .text.HAL_UART_Transmit
                0x08009f40      0x116 ./Drivers/STM32F4xx_HAL_Driver/Src/stm32f4xx_hal_uart.o
                0x08009f40                HAL_UART_Transmit
 .text.HAL_UART_Transmit_IT
                0x0800a056       0x6c ./Drivers/STM32F4xx_HAL_Driver/Src/stm32f4xx_hal_uart.o
                0x0800a056                HAL_UART_Transmit_IT
 .text.HAL_UART_Receive_IT
                0x0800a0c2       0x4a ./Drivers/STM32F4xx_HAL_Driver/Src/stm32f4xx_hal_uart.o
                0x0800a0c2                HAL_UART_Receive_IT
 .text.HAL_UART_IRQHandler
                0x0800a10c      0x524 ./Drivers/STM32F4xx_HAL_Driver/Src/stm32f4xx_hal_uart.o
                0x0800a10c                HAL_UART_IRQHandler
 .text.HAL_UART_TxCpltCallback
                0x0800a630       0x14 ./Drivers/STM32F4xx_HAL_Driver/Src/stm32f4xx_hal_uart.o
                0x0800a630                HAL_UART_TxCpltCallback
 .text.HAL_UART_ErrorCallback
                0x0800a644       0x14 ./Drivers/STM32F4xx_HAL_Driver/Src/stm32f4xx_hal_uart.o
                0x0800a644                HAL_UART_ErrorCallback
 .text.HAL_UARTEx_RxEventCallback
                0x0800a658       0x18 ./Drivers/STM32F4xx_HAL_Driver/Src/stm32f4xx_hal_uart.o
                0x0800a658                HAL_UARTEx_RxEventCallback
 .text.UART_WaitOnFlagUntilTimeout
                0x0800a670       0xb2 ./Drivers/STM32F4xx_HAL_Driver/Src/stm32f4xx_hal_uart.o
 .text.UART_Start_Receive_IT
                0x0800a722       0x74 ./Drivers/STM32F4xx_HAL_Driver/Src/stm32f4xx_hal_uart.o
                0x0800a722                UART_Start_Receive_IT
 .text.UART_EndRxTransfer
                0x0800a796       0xc6 ./Drivers/STM32F4xx_HAL_Driver/Src/stm32f4xx_hal_uart.o
 .text.UART_DMAAbortOnError
                0x0800a85c       0x28 ./Drivers/STM32F4xx_HAL_Driver/Src/stm32f4xx_hal_uart.o
 .text.UART_Transmit_IT
                0x0800a884       0xa0 ./Drivers/STM32F4xx_HAL_Driver/Src/stm32f4xx_hal_uart.o
 .text.UART_EndTransmit_IT
                0x0800a924       0x30 ./Drivers/STM32F4xx_HAL_Driver/Src/stm32f4xx_hal_uart.o
 .text.UART_Receive_IT
                0x0800a954      0x17c ./Drivers/STM32F4xx_HAL_Driver/Src/stm32f4xx_hal_uart.o
 .text.UART_SetConfig
                0x0800aad0      0x4e8 ./Drivers/STM32F4xx_HAL_Driver/Src/stm32f4xx_hal_uart.o
 .text.LL_GPIO_SetPinMode
                0x0800afb8       0x7a ./Drivers/STM32F4xx_HAL_Driver/Src/stm32f4xx_ll_gpio.o
 .text.LL_GPIO_SetPinOutputType
                0x0800b032       0x30 ./Drivers/STM32F4xx_HAL_Driver/Src/stm32f4xx_ll_gpio.o
 .text.LL_GPIO_SetPinSpeed
                0x0800b062       0x7a ./Drivers/STM32F4xx_HAL_Driver/Src/stm32f4xx_ll_gpio.o
 .text.LL_GPIO_SetPinPull
                0x0800b0dc       0x7a ./Drivers/STM32F4xx_HAL_Driver/Src/stm32f4xx_ll_gpio.o
 .text.LL_GPIO_SetAFPin_0_7
                0x0800b156       0x7a ./Drivers/STM32F4xx_HAL_Driver/Src/stm32f4xx_ll_gpio.o
 .text.LL_GPIO_SetAFPin_8_15
                0x0800b1d0       0x7e ./Drivers/STM32F4xx_HAL_Driver/Src/stm32f4xx_ll_gpio.o
 .text.LL_GPIO_Init
                0x0800b24e      0x102 ./Drivers/STM32F4xx_HAL_Driver/Src/stm32f4xx_ll_gpio.o
                0x0800b24e                LL_GPIO_Init
 .text.LL_RCC_GetSysClkSource
                0x0800b350       0x1c ./Drivers/STM32F4xx_HAL_Driver/Src/stm32f4xx_ll_rcc.o
 .text.LL_RCC_GetAHBPrescaler
                0x0800b36c       0x1c ./Drivers/STM32F4xx_HAL_Driver/Src/stm32f4xx_ll_rcc.o
 .text.LL_RCC_GetAPB1Prescaler
                0x0800b388       0x1c ./Drivers/STM32F4xx_HAL_Driver/Src/stm32f4xx_ll_rcc.o
 .text.LL_RCC_GetAPB2Prescaler
                0x0800b3a4       0x1c ./Drivers/STM32F4xx_HAL_Driver/Src/stm32f4xx_ll_rcc.o
 .text.LL_RCC_PLL_GetMainSource
                0x0800b3c0       0x1c ./Drivers/STM32F4xx_HAL_Driver/Src/stm32f4xx_ll_rcc.o
 .text.LL_RCC_PLL_GetN
                0x0800b3dc       0x1c ./Drivers/STM32F4xx_HAL_Driver/Src/stm32f4xx_ll_rcc.o
 .text.LL_RCC_PLL_GetP
                0x0800b3f8       0x1c ./Drivers/STM32F4xx_HAL_Driver/Src/stm32f4xx_ll_rcc.o
 .text.LL_RCC_PLL_GetDivider
                0x0800b414       0x1c ./Drivers/STM32F4xx_HAL_Driver/Src/stm32f4xx_ll_rcc.o
 .text.LL_RCC_GetSystemClocksFreq
                0x0800b430       0x4a ./Drivers/STM32F4xx_HAL_Driver/Src/stm32f4xx_ll_rcc.o
                0x0800b430                LL_RCC_GetSystemClocksFreq
 *fill*         0x0800b47a        0x2 
 .text.RCC_GetSystemClockFreq
                0x0800b47c       0x50 ./Drivers/STM32F4xx_HAL_Driver/Src/stm32f4xx_ll_rcc.o
                0x0800b47c                RCC_GetSystemClockFreq
 .text.RCC_GetHCLKClockFreq
                0x0800b4cc       0x2c ./Drivers/STM32F4xx_HAL_Driver/Src/stm32f4xx_ll_rcc.o
                0x0800b4cc                RCC_GetHCLKClockFreq
 .text.RCC_GetPCLK1ClockFreq
                0x0800b4f8       0x28 ./Drivers/STM32F4xx_HAL_Driver/Src/stm32f4xx_ll_rcc.o
                0x0800b4f8                RCC_GetPCLK1ClockFreq
 .text.RCC_GetPCLK2ClockFreq
                0x0800b520       0x28 ./Drivers/STM32F4xx_HAL_Driver/Src/stm32f4xx_ll_rcc.o
                0x0800b520                RCC_GetPCLK2ClockFreq
 .text.RCC_PLL_GetFreqDomain_SYS
                0x0800b548       0x7c ./Drivers/STM32F4xx_HAL_Driver/Src/stm32f4xx_ll_rcc.o
                0x0800b548                RCC_PLL_GetFreqDomain_SYS
 .text.LL_SPI_IsEnabled
                0x0800b5c4       0x26 ./Drivers/STM32F4xx_HAL_Driver/Src/stm32f4xx_ll_spi.o
 .text.LL_SPI_SetCRCPolynomial
                0x0800b5ea       0x20 ./Drivers/STM32F4xx_HAL_Driver/Src/stm32f4xx_ll_spi.o
 .text.LL_SPI_Init
                0x0800b60a       0xa4 ./Drivers/STM32F4xx_HAL_Driver/Src/stm32f4xx_ll_spi.o
                0x0800b60a                LL_SPI_Init
 .text.LL_TIM_SetPrescaler
                0x0800b6ae       0x1c ./Drivers/STM32F4xx_HAL_Driver/Src/stm32f4xx_ll_tim.o
 .text.LL_TIM_SetAutoReload
                0x0800b6ca       0x1c ./Drivers/STM32F4xx_HAL_Driver/Src/stm32f4xx_ll_tim.o
 .text.LL_TIM_SetRepetitionCounter
                0x0800b6e6       0x1c ./Drivers/STM32F4xx_HAL_Driver/Src/stm32f4xx_ll_tim.o
 .text.LL_TIM_OC_SetCompareCH1
                0x0800b702       0x1c ./Drivers/STM32F4xx_HAL_Driver/Src/stm32f4xx_ll_tim.o
 .text.LL_TIM_OC_SetCompareCH2
                0x0800b71e       0x1c ./Drivers/STM32F4xx_HAL_Driver/Src/stm32f4xx_ll_tim.o
 .text.LL_TIM_OC_SetCompareCH3
                0x0800b73a       0x1c ./Drivers/STM32F4xx_HAL_Driver/Src/stm32f4xx_ll_tim.o
 .text.LL_TIM_OC_SetCompareCH4
                0x0800b756       0x1c ./Drivers/STM32F4xx_HAL_Driver/Src/stm32f4xx_ll_tim.o
 .text.LL_TIM_GenerateEvent_UPDATE
                0x0800b772       0x20 ./Drivers/STM32F4xx_HAL_Driver/Src/stm32f4xx_ll_tim.o
 *fill*         0x0800b792        0x2 
 .text.LL_TIM_Init
                0x0800b794      0x134 ./Drivers/STM32F4xx_HAL_Driver/Src/stm32f4xx_ll_tim.o
                0x0800b794                LL_TIM_Init
 .text.LL_TIM_OC_Init
                0x0800b8c8       0x82 ./Drivers/STM32F4xx_HAL_Driver/Src/stm32f4xx_ll_tim.o
                0x0800b8c8                LL_TIM_OC_Init
 *fill*         0x0800b94a        0x2 
 .text.OC1Config
                0x0800b94c       0xd8 ./Drivers/STM32F4xx_HAL_Driver/Src/stm32f4xx_ll_tim.o
 .text.OC2Config
                0x0800ba24       0xe0 ./Drivers/STM32F4xx_HAL_Driver/Src/stm32f4xx_ll_tim.o
 .text.OC3Config
                0x0800bb04       0xe0 ./Drivers/STM32F4xx_HAL_Driver/Src/stm32f4xx_ll_tim.o
 .text.OC4Config
                0x0800bbe4       0xb0 ./Drivers/STM32F4xx_HAL_Driver/Src/stm32f4xx_ll_tim.o
 .text.LL_USART_IsEnabled
                0x0800bc94       0x28 ./Drivers/STM32F4xx_HAL_Driver/Src/stm32f4xx_ll_usart.o
 .text.LL_USART_SetStopBitsLength
                0x0800bcbc       0x26 ./Drivers/STM32F4xx_HAL_Driver/Src/stm32f4xx_ll_usart.o
 .text.LL_USART_SetHWFlowCtrl
                0x0800bce2       0x26 ./Drivers/STM32F4xx_HAL_Driver/Src/stm32f4xx_ll_usart.o
 .text.LL_USART_SetBaudRate
                0x0800bd08      0x45c ./Drivers/STM32F4xx_HAL_Driver/Src/stm32f4xx_ll_usart.o
 .text.LL_USART_Init
                0x0800c164      0x100 ./Drivers/STM32F4xx_HAL_Driver/Src/stm32f4xx_ll_usart.o
                0x0800c164                LL_USART_Init
 .text.__cvt    0x0800c264       0xca C:/ST/STM32CubeIDE_1.14.0/STM32CubeIDE/plugins/com.st.stm32cube.ide.mcu.externaltools.gnu-tools-for-stm32.12.3.rel1.win32_1.0.100.202403111256/tools/bin/../lib/gcc/arm-none-eabi/12.3.1/../../../../arm-none-eabi/lib/thumb/v7e-m+fp/hard\libc_nano.a(libc_a-nano-vfprintf_float.o)
                0x0800c264                __cvt
 .text.__exponent
                0x0800c32e       0x74 C:/ST/STM32CubeIDE_1.14.0/STM32CubeIDE/plugins/com.st.stm32cube.ide.mcu.externaltools.gnu-tools-for-stm32.12.3.rel1.win32_1.0.100.202403111256/tools/bin/../lib/gcc/arm-none-eabi/12.3.1/../../../../arm-none-eabi/lib/thumb/v7e-m+fp/hard\libc_nano.a(libc_a-nano-vfprintf_float.o)
                0x0800c32e                __exponent
 *fill*         0x0800c3a2        0x2 
 .text._printf_float
                0x0800c3a4      0x454 C:/ST/STM32CubeIDE_1.14.0/STM32CubeIDE/plugins/com.st.stm32cube.ide.mcu.externaltools.gnu-tools-for-stm32.12.3.rel1.win32_1.0.100.202403111256/tools/bin/../lib/gcc/arm-none-eabi/12.3.1/../../../../arm-none-eabi/lib/thumb/v7e-m+fp/hard\libc_nano.a(libc_a-nano-vfprintf_float.o)
                0x0800c3a4                _printf_float
 .text._printf_common
                0x0800c7f8       0xda C:/ST/STM32CubeIDE_1.14.0/STM32CubeIDE/plugins/com.st.stm32cube.ide.mcu.externaltools.gnu-tools-for-stm32.12.3.rel1.win32_1.0.100.202403111256/tools/bin/../lib/gcc/arm-none-eabi/12.3.1/../../../../arm-none-eabi/lib/thumb/v7e-m+fp/hard\libc_nano.a(libc_a-nano-vfprintf_i.o)
                0x0800c7f8                _printf_common
 *fill*         0x0800c8d2        0x2 
 .text._printf_i
                0x0800c8d4      0x240 C:/ST/STM32CubeIDE_1.14.0/STM32CubeIDE/plugins/com.st.stm32cube.ide.mcu.externaltools.gnu-tools-for-stm32.12.3.rel1.win32_1.0.100.202403111256/tools/bin/../lib/gcc/arm-none-eabi/12.3.1/../../../../arm-none-eabi/lib/thumb/v7e-m+fp/hard\libc_nano.a(libc_a-nano-vfprintf_i.o)
                0x0800c8d4                _printf_i
 .text.std      0x0800cb14       0x6c C:/ST/STM32CubeIDE_1.14.0/STM32CubeIDE/plugins/com.st.stm32cube.ide.mcu.externaltools.gnu-tools-for-stm32.12.3.rel1.win32_1.0.100.202403111256/tools/bin/../lib/gcc/arm-none-eabi/12.3.1/../../../../arm-none-eabi/lib/thumb/v7e-m+fp/hard\libc_nano.a(libc_a-findfp.o)
 .text.stdio_exit_handler
                0x0800cb80       0x18 C:/ST/STM32CubeIDE_1.14.0/STM32CubeIDE/plugins/com.st.stm32cube.ide.mcu.externaltools.gnu-tools-for-stm32.12.3.rel1.win32_1.0.100.202403111256/tools/bin/../lib/gcc/arm-none-eabi/12.3.1/../../../../arm-none-eabi/lib/thumb/v7e-m+fp/hard\libc_nano.a(libc_a-findfp.o)
 .text.cleanup_stdio
                0x0800cb98       0x40 C:/ST/STM32CubeIDE_1.14.0/STM32CubeIDE/plugins/com.st.stm32cube.ide.mcu.externaltools.gnu-tools-for-stm32.12.3.rel1.win32_1.0.100.202403111256/tools/bin/../lib/gcc/arm-none-eabi/12.3.1/../../../../arm-none-eabi/lib/thumb/v7e-m+fp/hard\libc_nano.a(libc_a-findfp.o)
 .text.global_stdio_init.part.0
                0x0800cbd8       0x3c C:/ST/STM32CubeIDE_1.14.0/STM32CubeIDE/plugins/com.st.stm32cube.ide.mcu.externaltools.gnu-tools-for-stm32.12.3.rel1.win32_1.0.100.202403111256/tools/bin/../lib/gcc/arm-none-eabi/12.3.1/../../../../arm-none-eabi/lib/thumb/v7e-m+fp/hard\libc_nano.a(libc_a-findfp.o)
 .text.__sfp_lock_acquire
                0x0800cc14        0xc C:/ST/STM32CubeIDE_1.14.0/STM32CubeIDE/plugins/com.st.stm32cube.ide.mcu.externaltools.gnu-tools-for-stm32.12.3.rel1.win32_1.0.100.202403111256/tools/bin/../lib/gcc/arm-none-eabi/12.3.1/../../../../arm-none-eabi/lib/thumb/v7e-m+fp/hard\libc_nano.a(libc_a-findfp.o)
                0x0800cc14                __sfp_lock_acquire
 .text.__sfp_lock_release
                0x0800cc20        0xc C:/ST/STM32CubeIDE_1.14.0/STM32CubeIDE/plugins/com.st.stm32cube.ide.mcu.externaltools.gnu-tools-for-stm32.12.3.rel1.win32_1.0.100.202403111256/tools/bin/../lib/gcc/arm-none-eabi/12.3.1/../../../../arm-none-eabi/lib/thumb/v7e-m+fp/hard\libc_nano.a(libc_a-findfp.o)
                0x0800cc20                __sfp_lock_release
 .text.__sinit  0x0800cc2c       0x30 C:/ST/STM32CubeIDE_1.14.0/STM32CubeIDE/plugins/com.st.stm32cube.ide.mcu.externaltools.gnu-tools-for-stm32.12.3.rel1.win32_1.0.100.202403111256/tools/bin/../lib/gcc/arm-none-eabi/12.3.1/../../../../arm-none-eabi/lib/thumb/v7e-m+fp/hard\libc_nano.a(libc_a-findfp.o)
                0x0800cc2c                __sinit
 .text._fwalk_sglue
                0x0800cc5c       0x3c C:/ST/STM32CubeIDE_1.14.0/STM32CubeIDE/plugins/com.st.stm32cube.ide.mcu.externaltools.gnu-tools-for-stm32.12.3.rel1.win32_1.0.100.202403111256/tools/bin/../lib/gcc/arm-none-eabi/12.3.1/../../../../arm-none-eabi/lib/thumb/v7e-m+fp/hard\libc_nano.a(libc_a-fwalk.o)
                0x0800cc5c                _fwalk_sglue
 .text.printf   0x0800cc98       0x24 C:/ST/STM32CubeIDE_1.14.0/STM32CubeIDE/plugins/com.st.stm32cube.ide.mcu.externaltools.gnu-tools-for-stm32.12.3.rel1.win32_1.0.100.202403111256/tools/bin/../lib/gcc/arm-none-eabi/12.3.1/../../../../arm-none-eabi/lib/thumb/v7e-m+fp/hard\libc_nano.a(libc_a-printf.o)
                0x0800cc98                iprintf
                0x0800cc98                printf
 .text._puts_r  0x0800ccbc       0xaa C:/ST/STM32CubeIDE_1.14.0/STM32CubeIDE/plugins/com.st.stm32cube.ide.mcu.externaltools.gnu-tools-for-stm32.12.3.rel1.win32_1.0.100.202403111256/tools/bin/../lib/gcc/arm-none-eabi/12.3.1/../../../../arm-none-eabi/lib/thumb/v7e-m+fp/hard\libc_nano.a(libc_a-puts.o)
                0x0800ccbc                _puts_r
 *fill*         0x0800cd66        0x2 
 .text.puts     0x0800cd68       0x10 C:/ST/STM32CubeIDE_1.14.0/STM32CubeIDE/plugins/com.st.stm32cube.ide.mcu.externaltools.gnu-tools-for-stm32.12.3.rel1.win32_1.0.100.202403111256/tools/bin/../lib/gcc/arm-none-eabi/12.3.1/../../../../arm-none-eabi/lib/thumb/v7e-m+fp/hard\libc_nano.a(libc_a-puts.o)
                0x0800cd68                puts
 .text.__sread  0x0800cd78       0x22 C:/ST/STM32CubeIDE_1.14.0/STM32CubeIDE/plugins/com.st.stm32cube.ide.mcu.externaltools.gnu-tools-for-stm32.12.3.rel1.win32_1.0.100.202403111256/tools/bin/../lib/gcc/arm-none-eabi/12.3.1/../../../../arm-none-eabi/lib/thumb/v7e-m+fp/hard\libc_nano.a(libc_a-stdio.o)
                0x0800cd78                __sread
 .text.__swrite
                0x0800cd9a       0x38 C:/ST/STM32CubeIDE_1.14.0/STM32CubeIDE/plugins/com.st.stm32cube.ide.mcu.externaltools.gnu-tools-for-stm32.12.3.rel1.win32_1.0.100.202403111256/tools/bin/../lib/gcc/arm-none-eabi/12.3.1/../../../../arm-none-eabi/lib/thumb/v7e-m+fp/hard\libc_nano.a(libc_a-stdio.o)
                0x0800cd9a                __swrite
 .text.__sseek  0x0800cdd2       0x24 C:/ST/STM32CubeIDE_1.14.0/STM32CubeIDE/plugins/com.st.stm32cube.ide.mcu.externaltools.gnu-tools-for-stm32.12.3.rel1.win32_1.0.100.202403111256/tools/bin/../lib/gcc/arm-none-eabi/12.3.1/../../../../arm-none-eabi/lib/thumb/v7e-m+fp/hard\libc_nano.a(libc_a-stdio.o)
                0x0800cdd2                __sseek
 .text.__sclose
                0x0800cdf6        0x8 C:/ST/STM32CubeIDE_1.14.0/STM32CubeIDE/plugins/com.st.stm32cube.ide.mcu.externaltools.gnu-tools-for-stm32.12.3.rel1.win32_1.0.100.202403111256/tools/bin/../lib/gcc/arm-none-eabi/12.3.1/../../../../arm-none-eabi/lib/thumb/v7e-m+fp/hard\libc_nano.a(libc_a-stdio.o)
                0x0800cdf6                __sclose
 .text.__swbuf_r
                0x0800cdfe       0x7c C:/ST/STM32CubeIDE_1.14.0/STM32CubeIDE/plugins/com.st.stm32cube.ide.mcu.externaltools.gnu-tools-for-stm32.12.3.rel1.win32_1.0.100.202403111256/tools/bin/../lib/gcc/arm-none-eabi/12.3.1/../../../../arm-none-eabi/lib/thumb/v7e-m+fp/hard\libc_nano.a(libc_a-wbuf.o)
                0x0800cdfe                __swbuf_r
 *fill*         0x0800ce7a        0x2 
 .text.__swsetup_r
                0x0800ce7c       0xac C:/ST/STM32CubeIDE_1.14.0/STM32CubeIDE/plugins/com.st.stm32cube.ide.mcu.externaltools.gnu-tools-for-stm32.12.3.rel1.win32_1.0.100.202403111256/tools/bin/../lib/gcc/arm-none-eabi/12.3.1/../../../../arm-none-eabi/lib/thumb/v7e-m+fp/hard\libc_nano.a(libc_a-wsetup.o)
                0x0800ce7c                __swsetup_r
 .text.memset   0x0800cf28       0x10 C:/ST/STM32CubeIDE_1.14.0/STM32CubeIDE/plugins/com.st.stm32cube.ide.mcu.externaltools.gnu-tools-for-stm32.12.3.rel1.win32_1.0.100.202403111256/tools/bin/../lib/gcc/arm-none-eabi/12.3.1/../../../../arm-none-eabi/lib/thumb/v7e-m+fp/hard\libc_nano.a(libc_a-memset.o)
                0x0800cf28                memset
 .text._localeconv_r
                0x0800cf38        0x8 C:/ST/STM32CubeIDE_1.14.0/STM32CubeIDE/plugins/com.st.stm32cube.ide.mcu.externaltools.gnu-tools-for-stm32.12.3.rel1.win32_1.0.100.202403111256/tools/bin/../lib/gcc/arm-none-eabi/12.3.1/../../../../arm-none-eabi/lib/thumb/v7e-m+fp/hard\libc_nano.a(libc_a-localeconv.o)
                0x0800cf38                _localeconv_r
 .text._close_r
                0x0800cf40       0x20 C:/ST/STM32CubeIDE_1.14.0/STM32CubeIDE/plugins/com.st.stm32cube.ide.mcu.externaltools.gnu-tools-for-stm32.12.3.rel1.win32_1.0.100.202403111256/tools/bin/../lib/gcc/arm-none-eabi/12.3.1/../../../../arm-none-eabi/lib/thumb/v7e-m+fp/hard\libc_nano.a(libc_a-closer.o)
                0x0800cf40                _close_r
 .text._lseek_r
                0x0800cf60       0x24 C:/ST/STM32CubeIDE_1.14.0/STM32CubeIDE/plugins/com.st.stm32cube.ide.mcu.externaltools.gnu-tools-for-stm32.12.3.rel1.win32_1.0.100.202403111256/tools/bin/../lib/gcc/arm-none-eabi/12.3.1/../../../../arm-none-eabi/lib/thumb/v7e-m+fp/hard\libc_nano.a(libc_a-lseekr.o)
                0x0800cf60                _lseek_r
 .text._read_r  0x0800cf84       0x24 C:/ST/STM32CubeIDE_1.14.0/STM32CubeIDE/plugins/com.st.stm32cube.ide.mcu.externaltools.gnu-tools-for-stm32.12.3.rel1.win32_1.0.100.202403111256/tools/bin/../lib/gcc/arm-none-eabi/12.3.1/../../../../arm-none-eabi/lib/thumb/v7e-m+fp/hard\libc_nano.a(libc_a-readr.o)
                0x0800cf84                _read_r
 .text._write_r
                0x0800cfa8       0x24 C:/ST/STM32CubeIDE_1.14.0/STM32CubeIDE/plugins/com.st.stm32cube.ide.mcu.externaltools.gnu-tools-for-stm32.12.3.rel1.win32_1.0.100.202403111256/tools/bin/../lib/gcc/arm-none-eabi/12.3.1/../../../../arm-none-eabi/lib/thumb/v7e-m+fp/hard\libc_nano.a(libc_a-writer.o)
                0x0800cfa8                _write_r
 .text.__errno  0x0800cfcc        0xc C:/ST/STM32CubeIDE_1.14.0/STM32CubeIDE/plugins/com.st.stm32cube.ide.mcu.externaltools.gnu-tools-for-stm32.12.3.rel1.win32_1.0.100.202403111256/tools/bin/../lib/gcc/arm-none-eabi/12.3.1/../../../../arm-none-eabi/lib/thumb/v7e-m+fp/hard\libc_nano.a(libc_a-errno.o)
                0x0800cfcc                __errno
 .text.__libc_init_array
                0x0800cfd8       0x48 C:/ST/STM32CubeIDE_1.14.0/STM32CubeIDE/plugins/com.st.stm32cube.ide.mcu.externaltools.gnu-tools-for-stm32.12.3.rel1.win32_1.0.100.202403111256/tools/bin/../lib/gcc/arm-none-eabi/12.3.1/../../../../arm-none-eabi/lib/thumb/v7e-m+fp/hard\libc_nano.a(libc_a-init.o)
                0x0800cfd8                __libc_init_array
 .text.__retarget_lock_init_recursive
                0x0800d020        0x2 C:/ST/STM32CubeIDE_1.14.0/STM32CubeIDE/plugins/com.st.stm32cube.ide.mcu.externaltools.gnu-tools-for-stm32.12.3.rel1.win32_1.0.100.202403111256/tools/bin/../lib/gcc/arm-none-eabi/12.3.1/../../../../arm-none-eabi/lib/thumb/v7e-m+fp/hard\libc_nano.a(libc_a-lock.o)
                0x0800d020                __retarget_lock_init_recursive
 .text.__retarget_lock_acquire_recursive
                0x0800d022        0x2 C:/ST/STM32CubeIDE_1.14.0/STM32CubeIDE/plugins/com.st.stm32cube.ide.mcu.externaltools.gnu-tools-for-stm32.12.3.rel1.win32_1.0.100.202403111256/tools/bin/../lib/gcc/arm-none-eabi/12.3.1/../../../../arm-none-eabi/lib/thumb/v7e-m+fp/hard\libc_nano.a(libc_a-lock.o)
                0x0800d022                __retarget_lock_acquire_recursive
 .text.__retarget_lock_release_recursive
                0x0800d024        0x2 C:/ST/STM32CubeIDE_1.14.0/STM32CubeIDE/plugins/com.st.stm32cube.ide.mcu.externaltools.gnu-tools-for-stm32.12.3.rel1.win32_1.0.100.202403111256/tools/bin/../lib/gcc/arm-none-eabi/12.3.1/../../../../arm-none-eabi/lib/thumb/v7e-m+fp/hard\libc_nano.a(libc_a-lock.o)
                0x0800d024                __retarget_lock_release_recursive
 .text.quorem   0x0800d026      0x110 C:/ST/STM32CubeIDE_1.14.0/STM32CubeIDE/plugins/com.st.stm32cube.ide.mcu.externaltools.gnu-tools-for-stm32.12.3.rel1.win32_1.0.100.202403111256/tools/bin/../lib/gcc/arm-none-eabi/12.3.1/../../../../arm-none-eabi/lib/thumb/v7e-m+fp/hard\libc_nano.a(libc_a-dtoa.o)
 *fill*         0x0800d136        0x2 
 .text._dtoa_r  0x0800d138      0xb88 C:/ST/STM32CubeIDE_1.14.0/STM32CubeIDE/plugins/com.st.stm32cube.ide.mcu.externaltools.gnu-tools-for-stm32.12.3.rel1.win32_1.0.100.202403111256/tools/bin/../lib/gcc/arm-none-eabi/12.3.1/../../../../arm-none-eabi/lib/thumb/v7e-m+fp/hard\libc_nano.a(libc_a-dtoa.o)
                0x0800d138                _dtoa_r
 .text._free_r  0x0800dcc0       0x94 C:/ST/STM32CubeIDE_1.14.0/STM32CubeIDE/plugins/com.st.stm32cube.ide.mcu.externaltools.gnu-tools-for-stm32.12.3.rel1.win32_1.0.100.202403111256/tools/bin/../lib/gcc/arm-none-eabi/12.3.1/../../../../arm-none-eabi/lib/thumb/v7e-m+fp/hard\libc_nano.a(libc_a-freer.o)
                0x0800dcc0                _free_r
 .text.malloc   0x0800dd54       0x10 C:/ST/STM32CubeIDE_1.14.0/STM32CubeIDE/plugins/com.st.stm32cube.ide.mcu.externaltools.gnu-tools-for-stm32.12.3.rel1.win32_1.0.100.202403111256/tools/bin/../lib/gcc/arm-none-eabi/12.3.1/../../../../arm-none-eabi/lib/thumb/v7e-m+fp/hard\libc_nano.a(libc_a-malloc.o)
                0x0800dd54                malloc
 .text.sbrk_aligned
                0x0800dd64       0x44 C:/ST/STM32CubeIDE_1.14.0/STM32CubeIDE/plugins/com.st.stm32cube.ide.mcu.externaltools.gnu-tools-for-stm32.12.3.rel1.win32_1.0.100.202403111256/tools/bin/../lib/gcc/arm-none-eabi/12.3.1/../../../../arm-none-eabi/lib/thumb/v7e-m+fp/hard\libc_nano.a(libc_a-mallocr.o)
 .text._malloc_r
                0x0800dda8      0x100 C:/ST/STM32CubeIDE_1.14.0/STM32CubeIDE/plugins/com.st.stm32cube.ide.mcu.externaltools.gnu-tools-for-stm32.12.3.rel1.win32_1.0.100.202403111256/tools/bin/../lib/gcc/arm-none-eabi/12.3.1/../../../../arm-none-eabi/lib/thumb/v7e-m+fp/hard\libc_nano.a(libc_a-mallocr.o)
                0x0800dda8                _malloc_r
 .text.__malloc_lock
                0x0800dea8        0xc C:/ST/STM32CubeIDE_1.14.0/STM32CubeIDE/plugins/com.st.stm32cube.ide.mcu.externaltools.gnu-tools-for-stm32.12.3.rel1.win32_1.0.100.202403111256/tools/bin/../lib/gcc/arm-none-eabi/12.3.1/../../../../arm-none-eabi/lib/thumb/v7e-m+fp/hard\libc_nano.a(libc_a-mlock.o)
                0x0800dea8                __malloc_lock
 .text.__malloc_unlock
                0x0800deb4        0xc C:/ST/STM32CubeIDE_1.14.0/STM32CubeIDE/plugins/com.st.stm32cube.ide.mcu.externaltools.gnu-tools-for-stm32.12.3.rel1.win32_1.0.100.202403111256/tools/bin/../lib/gcc/arm-none-eabi/12.3.1/../../../../arm-none-eabi/lib/thumb/v7e-m+fp/hard\libc_nano.a(libc_a-mlock.o)
                0x0800deb4                __malloc_unlock
 .text._Balloc  0x0800dec0       0x80 C:/ST/STM32CubeIDE_1.14.0/STM32CubeIDE/plugins/com.st.stm32cube.ide.mcu.externaltools.gnu-tools-for-stm32.12.3.rel1.win32_1.0.100.202403111256/tools/bin/../lib/gcc/arm-none-eabi/12.3.1/../../../../arm-none-eabi/lib/thumb/v7e-m+fp/hard\libc_nano.a(libc_a-mprec.o)
                0x0800dec0                _Balloc
 .text._Bfree   0x0800df40       0x44 C:/ST/STM32CubeIDE_1.14.0/STM32CubeIDE/plugins/com.st.stm32cube.ide.mcu.externaltools.gnu-tools-for-stm32.12.3.rel1.win32_1.0.100.202403111256/tools/bin/../lib/gcc/arm-none-eabi/12.3.1/../../../../arm-none-eabi/lib/thumb/v7e-m+fp/hard\libc_nano.a(libc_a-mprec.o)
                0x0800df40                _Bfree
 .text.__multadd
                0x0800df84       0x8c C:/ST/STM32CubeIDE_1.14.0/STM32CubeIDE/plugins/com.st.stm32cube.ide.mcu.externaltools.gnu-tools-for-stm32.12.3.rel1.win32_1.0.100.202403111256/tools/bin/../lib/gcc/arm-none-eabi/12.3.1/../../../../arm-none-eabi/lib/thumb/v7e-m+fp/hard\libc_nano.a(libc_a-mprec.o)
                0x0800df84                __multadd
 .text.__hi0bits
                0x0800e010       0x3e C:/ST/STM32CubeIDE_1.14.0/STM32CubeIDE/plugins/com.st.stm32cube.ide.mcu.externaltools.gnu-tools-for-stm32.12.3.rel1.win32_1.0.100.202403111256/tools/bin/../lib/gcc/arm-none-eabi/12.3.1/../../../../arm-none-eabi/lib/thumb/v7e-m+fp/hard\libc_nano.a(libc_a-mprec.o)
                0x0800e010                __hi0bits
 .text.__lo0bits
                0x0800e04e       0x5a C:/ST/STM32CubeIDE_1.14.0/STM32CubeIDE/plugins/com.st.stm32cube.ide.mcu.externaltools.gnu-tools-for-stm32.12.3.rel1.win32_1.0.100.202403111256/tools/bin/../lib/gcc/arm-none-eabi/12.3.1/../../../../arm-none-eabi/lib/thumb/v7e-m+fp/hard\libc_nano.a(libc_a-mprec.o)
                0x0800e04e                __lo0bits
 .text.__i2b    0x0800e0a8       0x2c C:/ST/STM32CubeIDE_1.14.0/STM32CubeIDE/plugins/com.st.stm32cube.ide.mcu.externaltools.gnu-tools-for-stm32.12.3.rel1.win32_1.0.100.202403111256/tools/bin/../lib/gcc/arm-none-eabi/12.3.1/../../../../arm-none-eabi/lib/thumb/v7e-m+fp/hard\libc_nano.a(libc_a-mprec.o)
                0x0800e0a8                __i2b
 .text.__multiply
                0x0800e0d4      0x154 C:/ST/STM32CubeIDE_1.14.0/STM32CubeIDE/plugins/com.st.stm32cube.ide.mcu.externaltools.gnu-tools-for-stm32.12.3.rel1.win32_1.0.100.202403111256/tools/bin/../lib/gcc/arm-none-eabi/12.3.1/../../../../arm-none-eabi/lib/thumb/v7e-m+fp/hard\libc_nano.a(libc_a-mprec.o)
                0x0800e0d4                __multiply
 .text.__pow5mult
                0x0800e228       0xb4 C:/ST/STM32CubeIDE_1.14.0/STM32CubeIDE/plugins/com.st.stm32cube.ide.mcu.externaltools.gnu-tools-for-stm32.12.3.rel1.win32_1.0.100.202403111256/tools/bin/../lib/gcc/arm-none-eabi/12.3.1/../../../../arm-none-eabi/lib/thumb/v7e-m+fp/hard\libc_nano.a(libc_a-mprec.o)
                0x0800e228                __pow5mult
 .text.__lshift
                0x0800e2dc       0xd8 C:/ST/STM32CubeIDE_1.14.0/STM32CubeIDE/plugins/com.st.stm32cube.ide.mcu.externaltools.gnu-tools-for-stm32.12.3.rel1.win32_1.0.100.202403111256/tools/bin/../lib/gcc/arm-none-eabi/12.3.1/../../../../arm-none-eabi/lib/thumb/v7e-m+fp/hard\libc_nano.a(libc_a-mprec.o)
                0x0800e2dc                __lshift
 .text.__mcmp   0x0800e3b4       0x36 C:/ST/STM32CubeIDE_1.14.0/STM32CubeIDE/plugins/com.st.stm32cube.ide.mcu.externaltools.gnu-tools-for-stm32.12.3.rel1.win32_1.0.100.202403111256/tools/bin/../lib/gcc/arm-none-eabi/12.3.1/../../../../arm-none-eabi/lib/thumb/v7e-m+fp/hard\libc_nano.a(libc_a-mprec.o)
                0x0800e3b4                __mcmp
 *fill*         0x0800e3ea        0x2 
 .text.__mdiff  0x0800e3ec      0x128 C:/ST/STM32CubeIDE_1.14.0/STM32CubeIDE/plugins/com.st.stm32cube.ide.mcu.externaltools.gnu-tools-for-stm32.12.3.rel1.win32_1.0.100.202403111256/tools/bin/../lib/gcc/arm-none-eabi/12.3.1/../../../../arm-none-eabi/lib/thumb/v7e-m+fp/hard\libc_nano.a(libc_a-mprec.o)
                0x0800e3ec                __mdiff
 .text.__d2b    0x0800e514       0xb0 C:/ST/STM32CubeIDE_1.14.0/STM32CubeIDE/plugins/com.st.stm32cube.ide.mcu.externaltools.gnu-tools-for-stm32.12.3.rel1.win32_1.0.100.202403111256/tools/bin/../lib/gcc/arm-none-eabi/12.3.1/../../../../arm-none-eabi/lib/thumb/v7e-m+fp/hard\libc_nano.a(libc_a-mprec.o)
                0x0800e514                __d2b
 .text.__sfputc_r
                0x0800e5c4       0x2e C:/ST/STM32CubeIDE_1.14.0/STM32CubeIDE/plugins/com.st.stm32cube.ide.mcu.externaltools.gnu-tools-for-stm32.12.3.rel1.win32_1.0.100.202403111256/tools/bin/../lib/gcc/arm-none-eabi/12.3.1/../../../../arm-none-eabi/lib/thumb/v7e-m+fp/hard\libc_nano.a(libc_a-nano-vfprintf.o)
 .text.__sfputs_r
                0x0800e5f2       0x24 C:/ST/STM32CubeIDE_1.14.0/STM32CubeIDE/plugins/com.st.stm32cube.ide.mcu.externaltools.gnu-tools-for-stm32.12.3.rel1.win32_1.0.100.202403111256/tools/bin/../lib/gcc/arm-none-eabi/12.3.1/../../../../arm-none-eabi/lib/thumb/v7e-m+fp/hard\libc_nano.a(libc_a-nano-vfprintf.o)
                0x0800e5f2                __sfputs_r
 *fill*         0x0800e616        0x2 
 .text._vfprintf_r
                0x0800e618      0x230 C:/ST/STM32CubeIDE_1.14.0/STM32CubeIDE/plugins/com.st.stm32cube.ide.mcu.externaltools.gnu-tools-for-stm32.12.3.rel1.win32_1.0.100.202403111256/tools/bin/../lib/gcc/arm-none-eabi/12.3.1/../../../../arm-none-eabi/lib/thumb/v7e-m+fp/hard\libc_nano.a(libc_a-nano-vfprintf.o)
                0x0800e618                _vfprintf_r
                0x0800e618                _vfiprintf_r
 .text.__sflush_r
                0x0800e848      0x108 C:/ST/STM32CubeIDE_1.14.0/STM32CubeIDE/plugins/com.st.stm32cube.ide.mcu.externaltools.gnu-tools-for-stm32.12.3.rel1.win32_1.0.100.202403111256/tools/bin/../lib/gcc/arm-none-eabi/12.3.1/../../../../arm-none-eabi/lib/thumb/v7e-m+fp/hard\libc_nano.a(libc_a-fflush.o)
                0x0800e848                __sflush_r
 .text._fflush_r
                0x0800e950       0x50 C:/ST/STM32CubeIDE_1.14.0/STM32CubeIDE/plugins/com.st.stm32cube.ide.mcu.externaltools.gnu-tools-for-stm32.12.3.rel1.win32_1.0.100.202403111256/tools/bin/../lib/gcc/arm-none-eabi/12.3.1/../../../../arm-none-eabi/lib/thumb/v7e-m+fp/hard\libc_nano.a(libc_a-fflush.o)
                0x0800e950                _fflush_r
 .text.__swhatbuf_r
                0x0800e9a0       0x4c C:/ST/STM32CubeIDE_1.14.0/STM32CubeIDE/plugins/com.st.stm32cube.ide.mcu.externaltools.gnu-tools-for-stm32.12.3.rel1.win32_1.0.100.202403111256/tools/bin/../lib/gcc/arm-none-eabi/12.3.1/../../../../arm-none-eabi/lib/thumb/v7e-m+fp/hard\libc_nano.a(libc_a-makebuf.o)
                0x0800e9a0                __swhatbuf_r
 .text.__smakebuf_r
                0x0800e9ec       0x78 C:/ST/STM32CubeIDE_1.14.0/STM32CubeIDE/plugins/com.st.stm32cube.ide.mcu.externaltools.gnu-tools-for-stm32.12.3.rel1.win32_1.0.100.202403111256/tools/bin/../lib/gcc/arm-none-eabi/12.3.1/../../../../arm-none-eabi/lib/thumb/v7e-m+fp/hard\libc_nano.a(libc_a-makebuf.o)
                0x0800e9ec                __smakebuf_r
 .text._fstat_r
                0x0800ea64       0x24 C:/ST/STM32CubeIDE_1.14.0/STM32CubeIDE/plugins/com.st.stm32cube.ide.mcu.externaltools.gnu-tools-for-stm32.12.3.rel1.win32_1.0.100.202403111256/tools/bin/../lib/gcc/arm-none-eabi/12.3.1/../../../../arm-none-eabi/lib/thumb/v7e-m+fp/hard\libc_nano.a(libc_a-fstatr.o)
                0x0800ea64                _fstat_r
 .text._isatty_r
                0x0800ea88       0x20 C:/ST/STM32CubeIDE_1.14.0/STM32CubeIDE/plugins/com.st.stm32cube.ide.mcu.externaltools.gnu-tools-for-stm32.12.3.rel1.win32_1.0.100.202403111256/tools/bin/../lib/gcc/arm-none-eabi/12.3.1/../../../../arm-none-eabi/lib/thumb/v7e-m+fp/hard\libc_nano.a(libc_a-isattyr.o)
                0x0800ea88                _isatty_r
 .text._sbrk_r  0x0800eaa8       0x20 C:/ST/STM32CubeIDE_1.14.0/STM32CubeIDE/plugins/com.st.stm32cube.ide.mcu.externaltools.gnu-tools-for-stm32.12.3.rel1.win32_1.0.100.202403111256/tools/bin/../lib/gcc/arm-none-eabi/12.3.1/../../../../arm-none-eabi/lib/thumb/v7e-m+fp/hard\libc_nano.a(libc_a-sbrkr.o)
                0x0800eaa8                _sbrk_r
 .text.memcpy   0x0800eac8       0x1c C:/ST/STM32CubeIDE_1.14.0/STM32CubeIDE/plugins/com.st.stm32cube.ide.mcu.externaltools.gnu-tools-for-stm32.12.3.rel1.win32_1.0.100.202403111256/tools/bin/../lib/gcc/arm-none-eabi/12.3.1/../../../../arm-none-eabi/lib/thumb/v7e-m+fp/hard\libc_nano.a(libc_a-memcpy-stub.o)
                0x0800eac8                memcpy
 .text.__assert_func
                0x0800eae4       0x3c C:/ST/STM32CubeIDE_1.14.0/STM32CubeIDE/plugins/com.st.stm32cube.ide.mcu.externaltools.gnu-tools-for-stm32.12.3.rel1.win32_1.0.100.202403111256/tools/bin/../lib/gcc/arm-none-eabi/12.3.1/../../../../arm-none-eabi/lib/thumb/v7e-m+fp/hard\libc_nano.a(libc_a-assert.o)
                0x0800eae4                __assert_func
 .text._calloc_r
                0x0800eb20       0x28 C:/ST/STM32CubeIDE_1.14.0/STM32CubeIDE/plugins/com.st.stm32cube.ide.mcu.externaltools.gnu-tools-for-stm32.12.3.rel1.win32_1.0.100.202403111256/tools/bin/../lib/gcc/arm-none-eabi/12.3.1/../../../../arm-none-eabi/lib/thumb/v7e-m+fp/hard\libc_nano.a(libc_a-callocr.o)
                0x0800eb20                _calloc_r
 .text.__ascii_mbtowc
                0x0800eb48       0x24 C:/ST/STM32CubeIDE_1.14.0/STM32CubeIDE/plugins/com.st.stm32cube.ide.mcu.externaltools.gnu-tools-for-stm32.12.3.rel1.win32_1.0.100.202403111256/tools/bin/../lib/gcc/arm-none-eabi/12.3.1/../../../../arm-none-eabi/lib/thumb/v7e-m+fp/hard\libc_nano.a(libc_a-mbtowc_r.o)
                0x0800eb48                __ascii_mbtowc
 .text.__ascii_wctomb
                0x0800eb6c       0x1a C:/ST/STM32CubeIDE_1.14.0/STM32CubeIDE/plugins/com.st.stm32cube.ide.mcu.externaltools.gnu-tools-for-stm32.12.3.rel1.win32_1.0.100.202403111256/tools/bin/../lib/gcc/arm-none-eabi/12.3.1/../../../../arm-none-eabi/lib/thumb/v7e-m+fp/hard\libc_nano.a(libc_a-wctomb_r.o)
                0x0800eb6c                __ascii_wctomb
 *fill*         0x0800eb86        0x2 
 .text.fprintf  0x0800eb88       0x24 C:/ST/STM32CubeIDE_1.14.0/STM32CubeIDE/plugins/com.st.stm32cube.ide.mcu.externaltools.gnu-tools-for-stm32.12.3.rel1.win32_1.0.100.202403111256/tools/bin/../lib/gcc/arm-none-eabi/12.3.1/../../../../arm-none-eabi/lib/thumb/v7e-m+fp/hard\libc_nano.a(libc_a-fprintf.o)
                0x0800eb88                fiprintf
                0x0800eb88                fprintf
 .text.abort    0x0800ebac        0xe C:/ST/STM32CubeIDE_1.14.0/STM32CubeIDE/plugins/com.st.stm32cube.ide.mcu.externaltools.gnu-tools-for-stm32.12.3.rel1.win32_1.0.100.202403111256/tools/bin/../lib/gcc/arm-none-eabi/12.3.1/../../../../arm-none-eabi/lib/thumb/v7e-m+fp/hard\libc_nano.a(libc_a-abort.o)
                0x0800ebac                abort
 .text._raise_r
                0x0800ebba       0x50 C:/ST/STM32CubeIDE_1.14.0/STM32CubeIDE/plugins/com.st.stm32cube.ide.mcu.externaltools.gnu-tools-for-stm32.12.3.rel1.win32_1.0.100.202403111256/tools/bin/../lib/gcc/arm-none-eabi/12.3.1/../../../../arm-none-eabi/lib/thumb/v7e-m+fp/hard\libc_nano.a(libc_a-signal.o)
                0x0800ebba                _raise_r
 *fill*         0x0800ec0a        0x2 
 .text.raise    0x0800ec0c       0x10 C:/ST/STM32CubeIDE_1.14.0/STM32CubeIDE/plugins/com.st.stm32cube.ide.mcu.externaltools.gnu-tools-for-stm32.12.3.rel1.win32_1.0.100.202403111256/tools/bin/../lib/gcc/arm-none-eabi/12.3.1/../../../../arm-none-eabi/lib/thumb/v7e-m+fp/hard\libc_nano.a(libc_a-signal.o)
                0x0800ec0c                raise
 .text._kill_r  0x0800ec1c       0x24 C:/ST/STM32CubeIDE_1.14.0/STM32CubeIDE/plugins/com.st.stm32cube.ide.mcu.externaltools.gnu-tools-for-stm32.12.3.rel1.win32_1.0.100.202403111256/tools/bin/../lib/gcc/arm-none-eabi/12.3.1/../../../../arm-none-eabi/lib/thumb/v7e-m+fp/hard\libc_nano.a(libc_a-signalr.o)
                0x0800ec1c                _kill_r
 .text._getpid_r
                0x0800ec40        0x4 C:/ST/STM32CubeIDE_1.14.0/STM32CubeIDE/plugins/com.st.stm32cube.ide.mcu.externaltools.gnu-tools-for-stm32.12.3.rel1.win32_1.0.100.202403111256/tools/bin/../lib/gcc/arm-none-eabi/12.3.1/../../../../arm-none-eabi/lib/thumb/v7e-m+fp/hard\libc_nano.a(libc_a-signalr.o)
                0x0800ec40                _getpid_r
 .text.asinf    0x0800ec44       0x58 C:/ST/STM32CubeIDE_1.14.0/STM32CubeIDE/plugins/com.st.stm32cube.ide.mcu.externaltools.gnu-tools-for-stm32.12.3.rel1.win32_1.0.100.202403111256/tools/bin/../lib/gcc/arm-none-eabi/12.3.1/../../../../arm-none-eabi/lib/thumb/v7e-m+fp/hard\libm.a(libm_a-wf_asin.o)
                0x0800ec44                asinf
 .text.atan2f   0x0800ec9c        0x4 C:/ST/STM32CubeIDE_1.14.0/STM32CubeIDE/plugins/com.st.stm32cube.ide.mcu.externaltools.gnu-tools-for-stm32.12.3.rel1.win32_1.0.100.202403111256/tools/bin/../lib/gcc/arm-none-eabi/12.3.1/../../../../arm-none-eabi/lib/thumb/v7e-m+fp/hard\libm.a(libm_a-wf_atan2.o)
                0x0800ec9c                atan2f
 .text.powf     0x0800eca0       0xae C:/ST/STM32CubeIDE_1.14.0/STM32CubeIDE/plugins/com.st.stm32cube.ide.mcu.externaltools.gnu-tools-for-stm32.12.3.rel1.win32_1.0.100.202403111256/tools/bin/../lib/gcc/arm-none-eabi/12.3.1/../../../../arm-none-eabi/lib/thumb/v7e-m+fp/hard\libm.a(libm_a-wf_pow.o)
                0x0800eca0                powf
 .text.fabsf    0x0800ed4e        0xe C:/ST/STM32CubeIDE_1.14.0/STM32CubeIDE/plugins/com.st.stm32cube.ide.mcu.externaltools.gnu-tools-for-stm32.12.3.rel1.win32_1.0.100.202403111256/tools/bin/../lib/gcc/arm-none-eabi/12.3.1/../../../../arm-none-eabi/lib/thumb/v7e-m+fp/hard\libm.a(libm_a-sf_fabs.o)
                0x0800ed4e                fabsf
 .text.finitef  0x0800ed5c       0x14 C:/ST/STM32CubeIDE_1.14.0/STM32CubeIDE/plugins/com.st.stm32cube.ide.mcu.externaltools.gnu-tools-for-stm32.12.3.rel1.win32_1.0.100.202403111256/tools/bin/../lib/gcc/arm-none-eabi/12.3.1/../../../../arm-none-eabi/lib/thumb/v7e-m+fp/hard\libm.a(libm_a-sf_finite.o)
                0x0800ed5c                finitef
 .text.nanf     0x0800ed70        0xc C:/ST/STM32CubeIDE_1.14.0/STM32CubeIDE/plugins/com.st.stm32cube.ide.mcu.externaltools.gnu-tools-for-stm32.12.3.rel1.win32_1.0.100.202403111256/tools/bin/../lib/gcc/arm-none-eabi/12.3.1/../../../../arm-none-eabi/lib/thumb/v7e-m+fp/hard\libm.a(libm_a-sf_nan.o)
                0x0800ed70                nanf
 .text.__ieee754_asinf
                0x0800ed7c      0x1cc C:/ST/STM32CubeIDE_1.14.0/STM32CubeIDE/plugins/com.st.stm32cube.ide.mcu.externaltools.gnu-tools-for-stm32.12.3.rel1.win32_1.0.100.202403111256/tools/bin/../lib/gcc/arm-none-eabi/12.3.1/../../../../arm-none-eabi/lib/thumb/v7e-m+fp/hard\libm.a(libm_a-ef_asin.o)
                0x0800ed7c                __ieee754_asinf
 .text.__ieee754_atan2f
                0x0800ef48      0x140 C:/ST/STM32CubeIDE_1.14.0/STM32CubeIDE/plugins/com.st.stm32cube.ide.mcu.externaltools.gnu-tools-for-stm32.12.3.rel1.win32_1.0.100.202403111256/tools/bin/../lib/gcc/arm-none-eabi/12.3.1/../../../../arm-none-eabi/lib/thumb/v7e-m+fp/hard\libm.a(libm_a-ef_atan2.o)
                0x0800ef48                __ieee754_atan2f
 .text.__ieee754_powf
                0x0800f088      0x5a0 C:/ST/STM32CubeIDE_1.14.0/STM32CubeIDE/plugins/com.st.stm32cube.ide.mcu.externaltools.gnu-tools-for-stm32.12.3.rel1.win32_1.0.100.202403111256/tools/bin/../lib/gcc/arm-none-eabi/12.3.1/../../../../arm-none-eabi/lib/thumb/v7e-m+fp/hard\libm.a(libm_a-ef_pow.o)
                0x0800f088                __ieee754_powf
 .text.atanf    0x0800f628      0x1a8 C:/ST/STM32CubeIDE_1.14.0/STM32CubeIDE/plugins/com.st.stm32cube.ide.mcu.externaltools.gnu-tools-for-stm32.12.3.rel1.win32_1.0.100.202403111256/tools/bin/../lib/gcc/arm-none-eabi/12.3.1/../../../../arm-none-eabi/lib/thumb/v7e-m+fp/hard\libm.a(libm_a-sf_atan.o)
                0x0800f628                atanf
 .text.scalbnf  0x0800f7d0       0xcc C:/ST/STM32CubeIDE_1.14.0/STM32CubeIDE/plugins/com.st.stm32cube.ide.mcu.externaltools.gnu-tools-for-stm32.12.3.rel1.win32_1.0.100.202403111256/tools/bin/../lib/gcc/arm-none-eabi/12.3.1/../../../../arm-none-eabi/lib/thumb/v7e-m+fp/hard\libm.a(libm_a-sf_scalbn.o)
                0x0800f7d0                scalbnf
 .text.with_errnof
                0x0800f89c       0x1c C:/ST/STM32CubeIDE_1.14.0/STM32CubeIDE/plugins/com.st.stm32cube.ide.mcu.externaltools.gnu-tools-for-stm32.12.3.rel1.win32_1.0.100.202403111256/tools/bin/../lib/gcc/arm-none-eabi/12.3.1/../../../../arm-none-eabi/lib/thumb/v7e-m+fp/hard\libm.a(libm_a-math_errf.o)
 .text.xflowf   0x0800f8b8       0x16 C:/ST/STM32CubeIDE_1.14.0/STM32CubeIDE/plugins/com.st.stm32cube.ide.mcu.externaltools.gnu-tools-for-stm32.12.3.rel1.win32_1.0.100.202403111256/tools/bin/../lib/gcc/arm-none-eabi/12.3.1/../../../../arm-none-eabi/lib/thumb/v7e-m+fp/hard\libm.a(libm_a-math_errf.o)
 *fill*         0x0800f8ce        0x2 
 .text.__math_uflowf
                0x0800f8d0        0xc C:/ST/STM32CubeIDE_1.14.0/STM32CubeIDE/plugins/com.st.stm32cube.ide.mcu.externaltools.gnu-tools-for-stm32.12.3.rel1.win32_1.0.100.202403111256/tools/bin/../lib/gcc/arm-none-eabi/12.3.1/../../../../arm-none-eabi/lib/thumb/v7e-m+fp/hard\libm.a(libm_a-math_errf.o)
                0x0800f8d0                __math_uflowf
 .text.__math_oflowf
                0x0800f8dc        0xc C:/ST/STM32CubeIDE_1.14.0/STM32CubeIDE/plugins/com.st.stm32cube.ide.mcu.externaltools.gnu-tools-for-stm32.12.3.rel1.win32_1.0.100.202403111256/tools/bin/../lib/gcc/arm-none-eabi/12.3.1/../../../../arm-none-eabi/lib/thumb/v7e-m+fp/hard\libm.a(libm_a-math_errf.o)
                0x0800f8dc                __math_oflowf
 .text.__ieee754_sqrtf
                0x0800f8e8        0x6 C:/ST/STM32CubeIDE_1.14.0/STM32CubeIDE/plugins/com.st.stm32cube.ide.mcu.externaltools.gnu-tools-for-stm32.12.3.rel1.win32_1.0.100.202403111256/tools/bin/../lib/gcc/arm-none-eabi/12.3.1/../../../../arm-none-eabi/lib/thumb/v7e-m+fp/hard\libm.a(libm_a-ef_sqrt.o)
                0x0800f8e8                __ieee754_sqrtf
 *(.glue_7)
 .glue_7        0x0800f8ee        0x0 linker stubs
 *(.glue_7t)
 .glue_7t       0x0800f8ee        0x0 linker stubs
 *(.eh_frame)
 *fill*         0x0800f8ee        0x2 
 .eh_frame      0x0800f8f0        0x0 C:/ST/STM32CubeIDE_1.14.0/STM32CubeIDE/plugins/com.st.stm32cube.ide.mcu.externaltools.gnu-tools-for-stm32.12.3.rel1.win32_1.0.100.202403111256/tools/bin/../lib/gcc/arm-none-eabi/12.3.1/thumb/v7e-m+fp/hard/crtbegin.o
 *(.init)
 .init          0x0800f8f0        0x4 C:/ST/STM32CubeIDE_1.14.0/STM32CubeIDE/plugins/com.st.stm32cube.ide.mcu.externaltools.gnu-tools-for-stm32.12.3.rel1.win32_1.0.100.202403111256/tools/bin/../lib/gcc/arm-none-eabi/12.3.1/thumb/v7e-m+fp/hard/crti.o
                0x0800f8f0                _init
 .init          0x0800f8f4        0x8 C:/ST/STM32CubeIDE_1.14.0/STM32CubeIDE/plugins/com.st.stm32cube.ide.mcu.externaltools.gnu-tools-for-stm32.12.3.rel1.win32_1.0.100.202403111256/tools/bin/../lib/gcc/arm-none-eabi/12.3.1/thumb/v7e-m+fp/hard/crtn.o
 *(.fini)
 .fini          0x0800f8fc        0x4 C:/ST/STM32CubeIDE_1.14.0/STM32CubeIDE/plugins/com.st.stm32cube.ide.mcu.externaltools.gnu-tools-for-stm32.12.3.rel1.win32_1.0.100.202403111256/tools/bin/../lib/gcc/arm-none-eabi/12.3.1/thumb/v7e-m+fp/hard/crti.o
                0x0800f8fc                _fini
 .fini          0x0800f900        0x8 C:/ST/STM32CubeIDE_1.14.0/STM32CubeIDE/plugins/com.st.stm32cube.ide.mcu.externaltools.gnu-tools-for-stm32.12.3.rel1.win32_1.0.100.202403111256/tools/bin/../lib/gcc/arm-none-eabi/12.3.1/thumb/v7e-m+fp/hard/crtn.o
                0x0800f908                        . = ALIGN (0x4)
                0x0800f908                        _etext = .

.vfp11_veneer   0x0800f908        0x0
 .vfp11_veneer  0x0800f908        0x0 linker stubs

.v4_bx          0x0800f908        0x0
 .v4_bx         0x0800f908        0x0 linker stubs

.iplt           0x0800f908        0x0
 .iplt          0x0800f908        0x0 C:/ST/STM32CubeIDE_1.14.0/STM32CubeIDE/plugins/com.st.stm32cube.ide.mcu.externaltools.gnu-tools-for-stm32.12.3.rel1.win32_1.0.100.202403111256/tools/bin/../lib/gcc/arm-none-eabi/12.3.1/thumb/v7e-m+fp/hard/crtbegin.o

.rodata         0x0800f908      0x798
                0x0800f908                        . = ALIGN (0x4)
 *(.rodata)
 .rodata        0x0800f908       0xac ./Core/Src/BNO080.o
 .rodata        0x0800f9b4       0x66 ./Core/Src/ICM20602.o
 *fill*         0x0800fa1a        0x2 
 .rodata        0x0800fa1c       0x62 ./Core/Src/LPS22HH.o
 *fill*         0x0800fa7e        0x2 
 .rodata        0x0800fa80      0x22d ./Core/Src/main.o
 *(.rodata*)
 *fill*         0x0800fcad        0x3 
 .rodata.AHBPrescTable
                0x0800fcb0       0x10 ./Core/Src/system_stm32f4xx.o
                0x0800fcb0                AHBPrescTable
 .rodata.APBPrescTable
                0x0800fcc0        0x8 ./Core/Src/system_stm32f4xx.o
                0x0800fcc0                APBPrescTable
 .rodata.OFFSET_TAB_CCMRx
                0x0800fcc8        0x7 ./Core/Src/tim.o
 *fill*         0x0800fccf        0x1 
 .rodata.SHIFT_TAB_OCxx
                0x0800fcd0        0x7 ./Core/Src/tim.o
 *fill*         0x0800fcd7        0x1 
 .rodata.flagBitshiftOffset.0
                0x0800fcd8        0x8 ./Drivers/STM32F4xx_HAL_Driver/Src/stm32f4xx_hal_dma.o
 .rodata._printf_float.str1.1
                0x0800fce0       0x12 C:/ST/STM32CubeIDE_1.14.0/STM32CubeIDE/plugins/com.st.stm32cube.ide.mcu.externaltools.gnu-tools-for-stm32.12.3.rel1.win32_1.0.100.202403111256/tools/bin/../lib/gcc/arm-none-eabi/12.3.1/../../../../arm-none-eabi/lib/thumb/v7e-m+fp/hard\libc_nano.a(libc_a-nano-vfprintf_float.o)
 .rodata._printf_i.str1.1
                0x0800fcf2       0x22 C:/ST/STM32CubeIDE_1.14.0/STM32CubeIDE/plugins/com.st.stm32cube.ide.mcu.externaltools.gnu-tools-for-stm32.12.3.rel1.win32_1.0.100.202403111256/tools/bin/../lib/gcc/arm-none-eabi/12.3.1/../../../../arm-none-eabi/lib/thumb/v7e-m+fp/hard\libc_nano.a(libc_a-nano-vfprintf_i.o)
 .rodata._dtoa_r.str1.1
                0x0800fd14       0x8d C:/ST/STM32CubeIDE_1.14.0/STM32CubeIDE/plugins/com.st.stm32cube.ide.mcu.externaltools.gnu-tools-for-stm32.12.3.rel1.win32_1.0.100.202403111256/tools/bin/../lib/gcc/arm-none-eabi/12.3.1/../../../../arm-none-eabi/lib/thumb/v7e-m+fp/hard\libc_nano.a(libc_a-dtoa.o)
                                 0x8f (size before relaxing)
 .rodata._Balloc.str1.1