../Drivers/STM32F4xx_HAL_Driver/Inc/stm32f4xx_ll_tim.h:3185:22:LL_TIM_ClearFlag_UPDATE	16	static
../Drivers/STM32F4xx_HAL_Driver/Inc/stm32f4xx_ll_tim.h:3196:26:LL_TIM_IsActiveFlag_UPDATE	16	static
../Drivers/STM32F4xx_HAL_Driver/Inc/stm32f4xx_ll_usart.h:1792:26:LL_USART_IsActiveFlag_RXNE	16	static
../Drivers/STM32F4xx_HAL_Driver/Inc/stm32f4xx_ll_usart.h:1979:22:LL_USART_ClearFlag_RXNE	16	static
../Drivers/STM32F4xx_HAL_Driver/Inc/stm32f4xx_ll_usart.h:2403:25:LL_USART_ReceiveData8	16	static
../Drivers/STM32F4xx_HAL_Driver/Inc/stm32f4xx_ll_usart.h:2426:22:LL_USART_TransmitData8	16	static
../Core/Src/stm32f4xx_it.c:87:6:NMI_Handler	4	static
../Core/Src/stm32f4xx_it.c:101:6:HardFault_Handler	4	static
../Core/Src/stm32f4xx_it.c:116:6:MemManage_Handler	4	static
../Core/Src/stm32f4xx_it.c:131:6:BusFault_Handler	4	static
../Core/Src/stm32f4xx_it.c:146:6:UsageFault_Handler	4	static
../Core/Src/stm32f4xx_it.c:161:6:SVC_Handler	4	static
../Core/Src/stm32f4xx_it.c:174:6:DebugMon_Handler	4	static
../Core/Src/stm32f4xx_it.c:187:6:PendSV_Handler	4	static
../Core/Src/stm32f4xx_it.c:200:6:SysTick_Handler	8	static
../Core/Src/stm32f4xx_it.c:221:6:USART1_IRQHandler	8	static
../Core/Src/stm32f4xx_it.c:235:6:UART4_IRQHandler	8	static
../Core/Src/stm32f4xx_it.c:254:6:UART5_IRQHandler	8	static
../Core/Src/stm32f4xx_it.c:301:6:TIM7_IRQHandler	8	static
../Core/Src/stm32f4xx_it.c:341:6:DMA2_Stream0_IRQHandler	8	static
../Core/Src/stm32f4xx_it.c:355:6:USART6_IRQHandler	8	static
